Component: ARM Compiler 5.06 update 4 (build 422) Tool: armlink [4d35d2]

==============================================================================

Section Cross References

    startup_lpc54606.o(STACK) refers (Special) to heapauxi.o(.text) for __use_two_region_memory
    startup_lpc54606.o(HEAP) refers (Special) to heapauxi.o(.text) for __use_two_region_memory
    startup_lpc54606.o(RESET) refers (Special) to heapauxi.o(.text) for __use_two_region_memory
    startup_lpc54606.o(RESET) refers to startup_lpc54606.o(STACK) for __initial_sp
    startup_lpc54606.o(RESET) refers to startup_lpc54606.o(.text) for Reset_Handler
    startup_lpc54606.o(RESET) refers to system_lpc54606.o(i.NMI_Handler) for NMI_Handler
    startup_lpc54606.o(RESET) refers to system_lpc54606.o(i.HardFault_Handler) for HardFault_Handler
    startup_lpc54606.o(.text) refers (Special) to heapauxi.o(.text) for __use_two_region_memory
    startup_lpc54606.o(.text) refers to system_lpc54606.o(i.SystemInit) for SystemInit
    startup_lpc54606.o(.text) refers to __main.o(!!!main) for __main
    startup_lpc54606.o(.text) refers to isr.o(i.DMA0_DriverIRQHandler) for DMA0_DriverIRQHandler
    startup_lpc54606.o(.text) refers to isr.o(i.MRT0_DriverIRQHandler) for MRT0_DriverIRQHandler
    startup_lpc54606.o(.text) refers to isr.o(i.FLEXCOMM0_DriverIRQHandler) for FLEXCOMM0_DriverIRQHandler
    startup_lpc54606.o(.text) refers to isr.o(i.FLEXCOMM5_DriverIRQHandler) for FLEXCOMM5_DriverIRQHandler
    startup_lpc54606.o(.text) refers to isr.o(i.PIN_INT7_DriverIRQHandler) for PIN_INT7_DriverIRQHandler
    startup_lpc54606.o(.text) refers to isr.o(i.RIT_DriverIRQHandler) for RIT_DriverIRQHandler
    startup_lpc54606.o(.text) refers to startup_lpc54606.o(HEAP) for Heap_Mem
    startup_lpc54606.o(.text) refers to startup_lpc54606.o(STACK) for Stack_Mem
    system_lpc54606.o(i.HardFault_Handler) refers to seekfree_printf.o(i.printf) for printf
    system_lpc54606.o(i.SystemInit) refers to lpc546xx_pll.o(i.pll_init) for pll_init
    system_lpc54606.o(i.SystemInit) refers to startup_lpc54606.o(RESET) for __Vectors
    lpc546xx_adc.o(i.adc_init) refers to lpc546xx_systick.o(i.systick_delay) for systick_delay
    lpc546xx_adc.o(i.adc_init) refers to lpc546xx_adc.o(i.adc_mux) for adc_mux
    lpc546xx_adc.o(i.adc_init) refers to assert.o(i.assert_failed) for assert_failed
    lpc546xx_adc.o(i.adc_init) refers to lpc546xx_pll.o(.data) for main_clk_mhz
    lpc546xx_adc.o(i.adc_mux) refers to lpc546xx_iocon.o(i.iocon_init) for iocon_init
    lpc546xx_adc.o(i.adc_mux) refers to assert.o(i.assert_failed) for assert_failed
    lpc546xx_ctimer.o(i.ctimer_count_clean) refers to lpc546xx_ctimer.o(.data) for TIMERN
    lpc546xx_ctimer.o(i.ctimer_count_init) refers to lpc546xx_ctimer.o(i.ctimer_clock) for ctimer_clock
    lpc546xx_ctimer.o(i.ctimer_count_init) refers to lpc546xx_ctimer.o(i.ctimer_countmux) for ctimer_countmux
    lpc546xx_ctimer.o(i.ctimer_count_init) refers to lpc546xx_ctimer.o(.data) for TIMERN
    lpc546xx_ctimer.o(i.ctimer_count_read) refers to lpc546xx_ctimer.o(.data) for TIMERN
    lpc546xx_ctimer.o(i.ctimer_countmux) refers to lpc546xx_iocon.o(i.iocon_init) for iocon_init
    lpc546xx_ctimer.o(i.ctimer_pwm_duty) refers to assert.o(i.assert_failed) for assert_failed
    lpc546xx_ctimer.o(i.ctimer_pwm_duty) refers to llsdiv.o(.text) for __aeabi_ldivmod
    lpc546xx_ctimer.o(i.ctimer_pwm_duty) refers to lpc546xx_ctimer.o(.constdata) for duty_max
    lpc546xx_ctimer.o(i.ctimer_pwm_duty) refers to lpc546xx_ctimer.o(.data) for TIMERN
    lpc546xx_ctimer.o(i.ctimer_pwm_freq) refers to lpc546xx_pll.o(.data) for main_clk_mhz
    lpc546xx_ctimer.o(i.ctimer_pwm_freq) refers to lpc546xx_ctimer.o(.data) for TIMERN
    lpc546xx_ctimer.o(i.ctimer_pwm_freq) refers to lpc546xx_ctimer.o(.constdata) for period_ch
    lpc546xx_ctimer.o(i.ctimer_pwm_init) refers to assert.o(i.assert_failed) for assert_failed
    lpc546xx_ctimer.o(i.ctimer_pwm_init) refers to lpc546xx_ctimer.o(i.ctimer_clock) for ctimer_clock
    lpc546xx_ctimer.o(i.ctimer_pwm_init) refers to lpc546xx_ctimer.o(i.ctimer_pwmmux) for ctimer_pwmmux
    lpc546xx_ctimer.o(i.ctimer_pwm_init) refers to llsdiv.o(.text) for __aeabi_ldivmod
    lpc546xx_ctimer.o(i.ctimer_pwm_init) refers to lpc546xx_ctimer.o(.constdata) for period_ch
    lpc546xx_ctimer.o(i.ctimer_pwm_init) refers to lpc546xx_pll.o(.data) for main_clk_mhz
    lpc546xx_ctimer.o(i.ctimer_pwm_init) refers to lpc546xx_ctimer.o(.data) for TIMERN
    lpc546xx_ctimer.o(i.ctimer_pwmmux) refers to lpc546xx_iocon.o(i.iocon_init) for iocon_init
    lpc546xx_dma.o(i.dam_init) refers to lpc546xx_gpio.o(i.gpio_init) for gpio_init
    lpc546xx_dma.o(i.dam_init) refers to lpc546xx_dma.o(.bss) for s_dma_descriptor_table
    lpc546xx_dma.o(i.dam_init_linked) refers to lpc546xx_gpio.o(i.gpio_init) for gpio_init
    lpc546xx_dma.o(i.dam_init_linked) refers to lpc546xx_dma.o(.bss) for s_dma_descriptor_table
[...]
    USER\_PID\SelfBuild_PID.c                0x00000000   Number         0  selfbuild_pid.o ABSOLUTE
    USER\src\isr.c                           0x00000000   Number         0  isr.o ABSOLUTE
    USER\src\main.c                          0x00000000   Number         0  main.o ABSOLUTE
    dc.s                                     0x00000000   Number         0  dc.o ABSOLUTE
    seekfree\SEEKFREE_18TFT.c                0x00000000   Number         0  seekfree_18tft.o ABSOLUTE
    seekfree\SEEKFREE_7725.c                 0x00000000   Number         0  seekfree_7725.o ABSOLUTE
    seekfree\SEEKFREE_FONT.c                 0x00000000   Number         0  seekfree_font.o ABSOLUTE
    seekfree\SEEKFREE_FUN.c                  0x00000000   Number         0  seekfree_fun.o ABSOLUTE
    seekfree\SEEKFREE_IIC.c                  0x00000000   Number         0  seekfree_iic.o ABSOLUTE
    seekfree\SEEKFREE_L3G4200D.c             0x00000000   Number         0  seekfree_l3g4200d.o ABSOLUTE
    seekfree\SEEKFREE_MMA8451.c              0x00000000   Number         0  seekfree_mma8451.o ABSOLUTE
    seekfree\SEEKFREE_MT9V032.c              0x00000000   Number         0  seekfree_mt9v032.o ABSOLUTE
    seekfree\SEEKFREE_NRF24L01.c             0x00000000   Number         0  seekfree_nrf24l01.o ABSOLUTE
    seekfree\SEEKFREE_VIRSCO.c               0x00000000   Number         0  seekfree_virsco.o ABSOLUTE
    seekfree\VCAN_computer.c                 0x00000000   Number         0  vcan_computer.o ABSOLUTE
    seekfree\\SEEKFREE_18TFT.c               0x00000000   Number         0  seekfree_18tft.o ABSOLUTE
    seekfree\\SEEKFREE_7725.c                0x00000000   Number         0  seekfree_7725.o ABSOLUTE
    seekfree\\SEEKFREE_FONT.c                0x00000000   Number         0  seekfree_font.o ABSOLUTE
    seekfree\\SEEKFREE_FUN.c                 0x00000000   Number         0  seekfree_fun.o ABSOLUTE
    seekfree\\SEEKFREE_IIC.c                 0x00000000   Number         0  seekfree_iic.o ABSOLUTE
    seekfree\\SEEKFREE_L3G4200D.c            0x00000000   Number         0  seekfree_l3g4200d.o ABSOLUTE
    seekfree\\SEEKFREE_MMA8451.c             0x00000000   Number         0  seekfree_mma8451.o ABSOLUTE
    seekfree\\SEEKFREE_MT9V032.c             0x00000000   Number         0  seekfree_mt9v032.o ABSOLUTE
    seekfree\\SEEKFREE_NRF24L01.c            0x00000000   Number         0  seekfree_nrf24l01.o ABSOLUTE
    seekfree\\SEEKFREE_VIRSCO.c              0x00000000   Number         0  seekfree_virsco.o ABSOLUTE
    seekfree\\VCAN_computer.c                0x00000000   Number         0  vcan_computer.o ABSOLUTE
    !!!main                                  0x00000124   Section        8  __main.o(!!!main)
    !!!scatter                               0x0000012c   Section       52  __scatter.o(!!!scatter)
    !!handler_copy                           0x00000160   Section       26  __scatter_copy.o(!!handler_copy)
    !!handler_zi                             0x0000017c   Section       28  __scatter_zi.o(!!handler_zi)
    .ARM.Collect$$libinit$$00000000          0x00000198   Section        2  libinit.o(.ARM.Collect$$libinit$$00000000)
    .ARM.Collect$$libinit$$00000001          0x0000019a   Section        4  libinit2.o(.ARM.Collect$$libinit$$00000001)
    .ARM.Collect$$libinit$$00000004          0x0000019e   Section        0  libinit2.o(.ARM.Collect$$libinit$$00000004)
    .ARM.Collect$$libinit$$0000000A          0x0000019e   Section        0  libinit2.o(.ARM.Collect$$libinit$$0000000A)
    .ARM.Collect$$libinit$$0000000C          0x0000019e   Section        0  libinit2.o(.ARM.Collect$$libinit$$0000000C)
    .ARM.Collect$$libinit$$0000000E          0x0000019e   Section        0  libinit2.o(.ARM.Collect$$libinit$$0000000E)
    .ARM.Collect$$libinit$$00000011          0x0000019e   Section        0  libinit2.o(.ARM.Collect$$libinit$$00000011)
    .ARM.Collect$$libinit$$00000013          0x0000019e   Section        0  libinit2.o(.ARM.Collect$$libinit$$00000013)
    .ARM.Collect$$libinit$$00000015          0x0000019e   Section        0  libinit2.o(.ARM.Collect$$libinit$$00000015)
    .ARM.Collect$$libinit$$00000017          0x0000019e   Section        0  libinit2.o(.ARM.Collect$$libinit$$00000017)
    .ARM.Collect$$libinit$$00000019          0x0000019e   Section        0  libinit2.o(.ARM.Collect$$libinit$$00000019)
    .ARM.Collect$$libinit$$0000001B          0x0000019e   Section        0  libinit2.o(.ARM.Collect$$libinit$$0000001B)
    .ARM.Collect$$libinit$$0000001D          0x0000019e   Section        0  libinit2.o(.ARM.Collect$$libinit$$0000001D)
    .ARM.Collect$$libinit$$0000001F          0x0000019e   Section        0  libinit2.o(.ARM.Collect$$libinit$$0000001F)
    .ARM.Collect$$libinit$$00000021          0x0000019e   Section        0  libinit2.o(.ARM.Collect$$libinit$$00000021)
    .ARM.Collect$$libinit$$00000023          0x0000019e   Section        0  libinit2.o(.ARM.Collect$$libinit$$00000023)
    .ARM.Collect$$libinit$$00000025          0x0000019e   Section        0  libinit2.o(.ARM.Collect$$libinit$$00000025)
    .ARM.Collect$$libinit$$0000002C          0x0000019e   Section        0  libinit2.o(.ARM.Collect$$libinit$$0000002C)
    .ARM.Collect$$libinit$$0000002E          0x0000019e   Section        0  libinit2.o(.ARM.Collect$$libinit$$0000002E)
    .ARM.Collect$$libinit$$00000030          0x0000019e   Section        0  libinit2.o(.ARM.Collect$$libinit$$00000030)
    .ARM.Collect$$libinit$$00000032          0x0000019e   Section        0  libinit2.o(.ARM.Collect$$libinit$$00000032)
    .ARM.Collect$$libinit$$00000033          0x0000019e   Section        2  libinit2.o(.ARM.Collect$$libinit$$00000033)
    .ARM.Collect$$libshutdown$$00000000      0x000001a0   Section        2  libshutdown.o(.ARM.Collect$$libshutdown$$00000000)
    .ARM.Collect$$libshutdown$$00000002      0x000001a2   Section        0  libshutdown2.o(.ARM.Collect$$libshutdown$$00000002)
    .ARM.Collect$$libshutdown$$00000004      0x000001a2   Section        0  libshutdown2.o(.ARM.Collect$$libshutdown$$00000004)
    .ARM.Collect$$libshutdown$$00000007      0x000001a2   Section        0  libshutdown2.o(.ARM.Collect$$libshutdown$$00000007)
    .ARM.Collect$$libshutdown$$0000000A      0x000001a2   Section        0  libshutdown2.o(.ARM.Collect$$libshutdown$$0000000A)
    .ARM.Collect$$libshutdown$$0000000C      0x000001a2   Section        0  libshutdown2.o(.ARM.Collect$$libshutdown$$0000000C)
    .ARM.Collect$$libshutdown$$0000000F      0x000001a2   Section        0  libshutdown2.o(.ARM.Collect$$libshutdown$$0000000F)
    .ARM.Collect$$libshutdown$$00000010      0x000001a2   Section        2  libshutdown2.o(.ARM.Collect$$libshutdown$$00000010)
    .ARM.Collect$$rtentry$$00000000          0x000001a4   Section        0  __rtentry.o(.ARM.Collect$$rtentry$$00000000)
    .ARM.Collect$$rtentry$$00000002          0x000001a4   Section        0  __rtentry2.o(.ARM.Collect$$rtentry$$00000002)
    .ARM.Collect$$rtentry$$00000004          0x000001a4   Section        6  __rtentry4.o(.ARM.Collect$$rtentry$$00000004)
    .ARM.Collect$$rtentry$$00000009          0x000001aa   Section        0  __rtentry2.o(.ARM.Collect$$rtentry$$00000009)
    .ARM.Collect$$rtentry$$0000000A          0x000001aa   Section        4  __rtentry2.o(.ARM.Collect$$rtentry$$0000000A)
    .ARM.Collect$$rtentry$$0000000C          0x000001ae   Section        0  __rtentry2.o(.ARM.Collect$$rtentry$$0000000C)
    .ARM.Collect$$rtentry$$0000000D          0x000001ae   Section        8  __rtentry2.o(.ARM.Collect$$rtentry$$0000000D)
    .ARM.Collect$$rtexit$$00000000           0x000001b6   Section        2  rtexit.o(.ARM.Collect$$rtexit$$00000000)
    .ARM.Collect$$rtexit$$00000002           0x000001b8   Section        0  rtexit2.o(.ARM.Collect$$rtexit$$00000002)
    .ARM.Collect$$rtexit$$00000003           0x000001b8   Section        4  rtexit2.o(.ARM.Collect$$rtexit$$00000003)
    .ARM.Collect$$rtexit$$00000004           0x000001bc   Section        6  rtexit2.o(.ARM.Collect$$rtexit$$00000004)
    .text                                    0x000001c4   Section      520  startup_lpc54606.o(.text)
    $v0                                      0x000001c4   Number         0  startup_lpc54606.o(.text)
    .text                                    0x000003cc   Section       72  llsdiv.o(.text)
    .text                                    0x00000414   Section        0  heapauxi.o(.text)
    .text                                    0x0000041a   Section      238  lludivv7m.o(.text)
    .text                                    0x00000508   Section        8  libspace.o(.text)
    .text                                    0x00000510   Section        2  use_no_semi.o(.text)
    .text                                    0x00000512   Section        0  indicate_semi.o(.text)
    .text                                    0x00000512   Section       74  sys_stackheap_outer.o(.text)
    .text                                    0x0000055c   Section        0  exit.o(.text)
    .text                                    0x00000570   Section        0  sys_exit.o(.text)
    i.Button_Get                             0x0000057c   Section        0  selfbuild_oledmenu.o(i.Button_Get)
    Button_Get                               0x0000057d   Thumb Code    68  selfbuild_oledmenu.o(i.Button_Get)
    i.DMA0_DriverIRQHandler                  0x000005c0   Section        0  isr.o(i.DMA0_DriverIRQHandler)
    i.FLEXCOMM0_DriverIRQHandler             0x000005dc   Section        0  isr.o(i.FLEXCOMM0_DriverIRQHandler)
    i.FLEXCOMM5_DriverIRQHandler             0x00000a24   Section        0  isr.o(i.FLEXCOMM5_DriverIRQHandler)
    i.HardFault_Handler                      0x00000a64   Section        0  system_lpc54606.o(i.HardFault_Handler)
    i.Init_ALL                               0x00000aa8   Section        0  selfbuild_control.o(i.Init_ALL)
    i.LEDPIN_Init                            0x00000bc8   Section        0  selfbuild_oled.o(i.LEDPIN_Init)
    i.LED_DLY_ms                             0x00000bfc   Section        0  selfbuild_oled.o(i.LED_DLY_ms)
    i.LED_Fill                               0x00000c16   Section        0  selfbuild_oled.o(i.LED_Fill)
    i.LED_P6x8Char                           0x00000c50   Section        0  selfbuild_oled.o(i.LED_P6x8Char)
    i.LED_P6x8Str                            0x00000ca0   Section        0  selfbuild_oled.o(i.LED_P6x8Str)
    i.LED_Set_Pos                            0x00000d04   Section        0  selfbuild_oled.o(i.LED_Set_Pos)
    i.LED_WrCmd                              0x00000d2a   Section        0  selfbuild_oled.o(i.LED_WrCmd)
    i.LED_WrDat                              0x00000d7a   Section        0  selfbuild_oled.o(i.LED_WrDat)
    i.MRT0_DriverIRQHandler                  0x00000dcc   Section        0  isr.o(i.MRT0_DriverIRQHandler)
    i.M_divider                              0x00000e40   Section        0  lpc546xx_pll.o(i.M_divider)
    i.Menu_Data_Init                         0x00000eac   Section        0  selfbuild_oledmenu.o(i.Menu_Data_Init)
    Menu_Data_Init                           0x00000ead   Thumb Code   126  selfbuild_oledmenu.o(i.Menu_Data_Init)
    i.Menu_HomePage_Show                     0x00000f64   Section        0  selfbuild_oledmenu.o(i.Menu_HomePage_Show)
    Menu_HomePage_Show                       0x00000f65   Thumb Code   104  selfbuild_oledmenu.o(i.Menu_HomePage_Show)
    i.Menu_Init                              0x00000fd8   Section        0  selfbuild_oledmenu.o(i.Menu_Init)
    i.Menu_SubPage_Show                      0x00001314   Section        0  selfbuild_oledmenu.o(i.Menu_SubPage_Show)
    Menu_SubPage_Show                        0x00001315   Thumb Code   284  selfbuild_oledmenu.o(i.Menu_SubPage_Show)
    i.Menu_Work                              0x00001444   Section        0  selfbuild_oledmenu.o(i.Menu_Work)
    i.Motor_PWM_Set                          0x00002038   Section        0  selfbuild_mecanum_ctrl.o(i.Motor_PWM_Set)
    i.NMI_Handler                            0x00002144   Section        0  system_lpc54606.o(i.NMI_Handler)
    i.NVIC_DisableIRQ                        0x00002148   Section        0  lpc546xx_flexcomm.o(i.NVIC_DisableIRQ)
    NVIC_DisableIRQ                          0x00002149   Thumb Code    18  lpc546xx_flexcomm.o(i.NVIC_DisableIRQ)
    i.NVIC_EnableIRQ                         0x00002160   Section        0  lpc546xx_flexcomm.o(i.NVIC_EnableIRQ)
    NVIC_EnableIRQ                           0x00002161   Thumb Code    22  lpc546xx_flexcomm.o(i.NVIC_EnableIRQ)
    i.N_divider                              0x00002178   Section        0  lpc546xx_pll.o(i.N_divider)
    i.OLED_Init                              0x000021e8   Section        0  selfbuild_oled.o(i.OLED_Init)
    i.OLED_P6x8Flo                           0x00002274   Section        0  selfbuild_oled.o(i.OLED_P6x8Flo)
    i.OLED_P6x8Int                           0x000023a4   Section        0  selfbuild_oled.o(i.OLED_P6x8Int)
    i.PID_Calcu                              0x0000247c   Section        0  selfbuild_pid.o(i.PID_Calcu)
    i.PID_Dynam                              0x000024c8   Section        0  selfbuild_pid.o(i.PID_Dynam)
    i.PID_Incre                              0x000025d8   Section        0  selfbuild_pid.o(i.PID_Incre)
    i.PID_Local                              0x00002642   Section        0  selfbuild_pid.o(i.PID_Local)
    i.PIN_INT7_DriverIRQHandler              0x000026a0   Section        0  isr.o(i.PIN_INT7_DriverIRQHandler)
    i.P_divider                              0x000026a8   Section        0  lpc546xx_pll.o(i.P_divider)
    i.RIT_DriverIRQHandler                   0x0000270c   Section        0  isr.o(i.RIT_DriverIRQHandler)
    i.Read_ButtSwitData                      0x000027d0   Section        0  selfbuild_control.o(i.Read_ButtSwitData)
    i.SetAddressingMode                      0x00002864   Section        0  selfbuild_oled.o(i.SetAddressingMode)
    i.SetContrastControl                     0x00002876   Section        0  selfbuild_oled.o(i.SetContrastControl)
    i.SetStartLine                           0x00002888   Section        0  selfbuild_oled.o(i.SetStartLine)
    i.Set_Charge_Pump                        0x00002896   Section        0  selfbuild_oled.o(i.Set_Charge_Pump)
    i.Set_Common_Config                      0x000028aa   Section        0  selfbuild_oled.o(i.Set_Common_Config)
    i.Set_Common_Remap                       0x000028be   Section        0  selfbuild_oled.o(i.Set_Common_Remap)
    i.Set_Display_Clock                      0x000028cc   Section        0  selfbuild_oled.o(i.Set_Display_Clock)
    i.Set_Display_Offset                     0x000028de   Section        0  selfbuild_oled.o(i.Set_Display_Offset)
    i.Set_Display_On_Off                     0x000028f0   Section        0  selfbuild_oled.o(i.Set_Display_On_Off)
    i.Set_Entire_Display                     0x000028fe   Section        0  selfbuild_oled.o(i.Set_Entire_Display)
    i.Set_Inverse_Display                    0x0000290c   Section        0  selfbuild_oled.o(i.Set_Inverse_Display)
    i.Set_Multiplex_Ratio                    0x0000291a   Section        0  selfbuild_oled.o(i.Set_Multiplex_Ratio)
    i.Set_Precharge_Period                   0x0000292c   Section        0  selfbuild_oled.o(i.Set_Precharge_Period)
    i.Set_Segment_Remap                      0x0000293e   Section        0  selfbuild_oled.o(i.Set_Segment_Remap)
    i.Set_VCOMH                              0x0000294c   Section        0  selfbuild_oled.o(i.Set_VCOMH)
    i.SystemInit                             0x00002960   Section        0  system_lpc54606.o(i.SystemInit)
    i.Wheel_Analysis                         0x00002998   Section        0  selfbuild_mecanum_ctrl.o(i.Wheel_Analysis)
    i.assert_failed                          0x00002b34   Section        0  assert.o(i.assert_failed)
    i.ctimer_clock                           0x00002b4c   Section        0  lpc546xx_ctimer.o(i.ctimer_clock)
    i.ctimer_pwm_duty                        0x00002bc4   Section        0  lpc546xx_ctimer.o(i.ctimer_pwm_duty)
    i.ctimer_pwm_init                        0x00002cd8   Section        0  lpc546xx_ctimer.o(i.ctimer_pwm_init)
    i.ctimer_pwmmux                          0x00002ea8   Section        0  lpc546xx_ctimer.o(i.ctimer_pwmmux)
    i.dma_reload_linked                      0x00003098   Section        0  seekfree_mt9v032.o(i.dma_reload_linked)
    dma_reload_linked                        0x00003099   Thumb Code    80  seekfree_mt9v032.o(i.dma_reload_linked)
    i.eeprom_init                            0x000030f4   Section        0  lpc546xx_eeprom.o(i.eeprom_init)
    i.findPllMMult                           0x00003170   Section        0  lpc546xx_pll.o(i.findPllMMult)
    findPllMMult                             0x00003171   Thumb Code    26  lpc546xx_pll.o(i.findPllMMult)
    i.findPllPostDiv                         0x0000318a   Section        0  lpc546xx_pll.o(i.findPllPostDiv)
    findPllPostDiv                           0x0000318b   Thumb Code    32  lpc546xx_pll.o(i.findPllPostDiv)
    i.findPllPreDiv                          0x000031aa   Section        0  lpc546xx_pll.o(i.findPllPreDiv)
    findPllPreDiv                            0x000031ab   Thumb Code    32  lpc546xx_pll.o(i.findPllPreDiv)
    i.flexcomm_clk_enable                    0x000031cc   Section        0  lpc546xx_flexcomm.o(i.flexcomm_clk_enable)
    i.flexcomm_get_clk                       0x000032c8   Section        0  lpc546xx_flexcomm.o(i.flexcomm_get_clk)
    i.flexcomm_irq                           0x000032d4   Section        0  lpc546xx_flexcomm.o(i.flexcomm_irq)
    i.get_clk                                0x0000330c   Section        0  lpc546xx_pll.o(i.get_clk)
    i.gpio_get                               0x00003378   Section        0  lpc546xx_gpio.o(i.gpio_get)
    i.gpio_init                              0x00003390   Section        0  lpc546xx_gpio.o(i.gpio_init)
    i.gpio_set                               0x00003458   Section        0  lpc546xx_gpio.o(i.gpio_set)
    i.iocon_init                             0x00003488   Section        0  lpc546xx_iocon.o(i.iocon_init)
    i.main                                   0x000034ec   Section        0  main.o(i.main)
    i.mt9v032_cof_uart_interrupt             0x000034f8   Section        0  seekfree_mt9v032.o(i.mt9v032_cof_uart_interrupt)
    i.mt9v032_dma                            0x00003548   Section        0  seekfree_mt9v032.o(i.mt9v032_dma)
    i.mt9v032_vsync                          0x00003568   Section        0  seekfree_mt9v032.o(i.mt9v032_vsync)
    i.my_eeprom_write_word                   0x0000359c   Section        0  lpc546xx_eeprom.o(i.my_eeprom_write_word)
    i.myabs                                  0x00003624   Section        0  seekfree_fun.o(i.myabs)
    i.number_conversion_ascii                0x00003632   Section        0  seekfree_printf.o(i.number_conversion_ascii)
    i.pllDecodeM                             0x000036ba   Section        0  lpc546xx_pll.o(i.pllDecodeM)
    pllDecodeM                               0x000036bb   Thumb Code    90  lpc546xx_pll.o(i.pllDecodeM)
    i.pllDecodeN                             0x00003714   Section        0  lpc546xx_pll.o(i.pllDecodeN)
    pllDecodeN                               0x00003715   Thumb Code    92  lpc546xx_pll.o(i.pllDecodeN)
    i.pllDecodeP                             0x00003770   Section        0  lpc546xx_pll.o(i.pllDecodeP)
    pllDecodeP                               0x00003771   Thumb Code    78  lpc546xx_pll.o(i.pllDecodeP)
    i.pll_init                               0x000037c0   Section        0  lpc546xx_pll.o(i.pll_init)
    i.printf                                 0x00003848   Section        0  seekfree_printf.o(i.printf)
    i.printf_reverse_order                   0x00003acc   Section        0  seekfree_printf.o(i.printf_reverse_order)
    i.systick_delay                          0x00003af0   Section        0  lpc546xx_systick.o(i.systick_delay)
    i.systick_delay_ms                       0x00003b50   Section        0  lpc546xx_systick.o(i.systick_delay_ms)
    i.uart_getchar                           0x00003b74   Section        0  lpc546xx_uart.o(i.uart_getchar)
    i.uart_init                              0x00003b9c   Section        0  lpc546xx_uart.o(i.uart_init)
    i.uart_mux                               0x00003cec   Section        0  lpc546xx_uart.o(i.uart_mux)
    i.uart_putbuff                           0x00003ff0   Section        0  lpc546xx_uart.o(i.uart_putbuff)
    i.uart_putchar                           0x00004010   Section        0  lpc546xx_uart.o(i.uart_putchar)
    i.uart_query                             0x00004034   Section        0  lpc546xx_uart.o(i.uart_query)
    i.uart_rx_irq                            0x00004060   Section        0  lpc546xx_uart.o(i.uart_rx_irq)
    i.write_syspllctrl                       0x000040d8   Section        0  lpc546xx_pll.o(i.write_syspllctrl)
    x$fpl$basic                              0x00004154   Section       24  basic.o(x$fpl$basic)
    $v0                                      0x00004154   Number         0  basic.o(x$fpl$basic)
    x$fpl$d2f                                0x0000416c   Section       98  d2f.o(x$fpl$d2f)
    $v0                                      0x0000416c   Number         0  d2f.o(x$fpl$d2f)
    x$fpl$dadd                               0x000041d0   Section      336  daddsub_clz.o(x$fpl$dadd)
    $v0                                      0x000041d0   Number         0  daddsub_clz.o(x$fpl$dadd)
    _dadd1                                   0x000041e1   Thumb Code     0  daddsub_clz.o(x$fpl$dadd)
    x$fpl$dcmpinf                            0x00004320   Section       24  dcmpi.o(x$fpl$dcmpinf)
    $v0                                      0x00004320   Number         0  dcmpi.o(x$fpl$dcmpinf)
    x$fpl$ddiv                               0x00004338   Section      688  ddiv.o(x$fpl$ddiv)
    $v0                                      0x00004338   Number         0  ddiv.o(x$fpl$ddiv)
    ddiv_entry                               0x0000433f   Thumb Code     0  ddiv.o(x$fpl$ddiv)
    x$fpl$dfix                               0x000045e8   Section       94  dfix.o(x$fpl$dfix)
    $v0                                      0x000045e8   Number         0  dfix.o(x$fpl$dfix)
    x$fpl$dfixu                              0x00004648   Section       90  dfixu.o(x$fpl$dfixu)
    $v0                                      0x00004648   Number         0  dfixu.o(x$fpl$dfixu)
    x$fpl$dflt                               0x000046a2   Section       46  dflt_clz.o(x$fpl$dflt)
    $v0                                      0x000046a2   Number         0  dflt_clz.o(x$fpl$dflt)
    x$fpl$dleqf                              0x000046d0   Section      120  dleqf.o(x$fpl$dleqf)
    $v0                                      0x000046d0   Number         0  dleqf.o(x$fpl$dleqf)
    x$fpl$dmul                               0x00004748   Section      340  dmul.o(x$fpl$dmul)
    $v0                                      0x00004748   Number         0  dmul.o(x$fpl$dmul)
    x$fpl$dnaninf                            0x0000489c   Section      156  dnaninf.o(x$fpl$dnaninf)
    $v0                                      0x0000489c   Number         0  dnaninf.o(x$fpl$dnaninf)
    x$fpl$dretinf                            0x00004938   Section       12  dretinf.o(x$fpl$dretinf)
    $v0                                      0x00004938   Number         0  dretinf.o(x$fpl$dretinf)
    x$fpl$drleqf                             0x00004944   Section      108  drleqf.o(x$fpl$drleqf)
    $v0                                      0x00004944   Number         0  drleqf.o(x$fpl$drleqf)
    x$fpl$drsb                               0x000049b0   Section       22  daddsub_clz.o(x$fpl$drsb)
    $v0                                      0x000049b0   Number         0  daddsub_clz.o(x$fpl$drsb)
    x$fpl$dsub                               0x000049c8   Section      468  daddsub_clz.o(x$fpl$dsub)
    $v0                                      0x000049c8   Number         0  daddsub_clz.o(x$fpl$dsub)
    _dsub1                                   0x000049d9   Thumb Code     0  daddsub_clz.o(x$fpl$dsub)
    x$fpl$f2d                                0x00004b9c   Section       86  f2d.o(x$fpl$f2d)
    $v0                                      0x00004b9c   Number         0  f2d.o(x$fpl$f2d)
    x$fpl$fnaninf                            0x00004bf2   Section      140  fnaninf.o(x$fpl$fnaninf)
    $v0                                      0x00004bf2   Number         0  fnaninf.o(x$fpl$fnaninf)
    x$fpl$fpinit                             0x00004c7e   Section       10  fpinit.o(x$fpl$fpinit)
    $v0                                      0x00004c7e   Number         0  fpinit.o(x$fpl$fpinit)
    x$fpl$fretinf                            0x00004c88   Section       10  fretinf.o(x$fpl$fretinf)
    $v0                                      0x00004c88   Number         0  fretinf.o(x$fpl$fretinf)
    x$fpl$usenofp                            0x00004c92   Section        0  usenofp.o(x$fpl$usenofp)
    .constdata                               0x00004c94   Section       40  lpc546xx_ctimer.o(.constdata)
    .constdata                               0x00004cbc   Section       50  assert.o(.constdata)
    .constdata                               0x00004cee   Section     2193  selfbuild_oled.o(.constdata)
    .data                                    0x20000000   Section       20  lpc546xx_ctimer.o(.data)
    .data                                    0x20000014   Section       40  lpc546xx_flexcomm.o(.data)
    .data                                    0x2000003c   Section        2  lpc546xx_pll.o(.data)
    .data                                    0x20000040   Section       40  lpc546xx_uart.o(.data)
    .data                                    0x20000068   Section       29  selfbuild_mecanum_ctrl.o(.data)
    .data                                    0x20000086   Section       10  selfbuild_oledmenu.o(.data)
    Current_Count                            0x20000086   Data           1  selfbuild_oledmenu.o(.data)
    Current_Count_Last                       0x20000087   Data           1  selfbuild_oledmenu.o(.data)
    Confirm_Flag                             0x20000088   Data           1  selfbuild_oledmenu.o(.data)
    Sub_Current_Count                        0x20000089   Data           1  selfbuild_oledmenu.o(.data)
    Sub_Current_Count_Last                   0x2000008a   Data           1  selfbuild_oledmenu.o(.data)
    Sub_Confirm_Flag                         0x2000008b   Data           1  selfbuild_oledmenu.o(.data)
    Copy_Data_Cnt                            0x2000008c   Data           2  selfbuild_oledmenu.o(.data)
    Return_Flag                              0x2000008e   Data           2  selfbuild_oledmenu.o(.data)
    .data                                    0x20000090   Section        5  isr.o(.data)
    mode                                     0x20000094   Data           1  isr.o(.data)
    .data                                    0x20000096   Section       75  seekfree_mt9v032.o(.data)
    .bss                                     0x20000200   Section      480  lpc546xx_dma.o(.bss)
    .bss                                     0x200003e0   Section      146  selfbuild_control.o(.bss)
    .bss                                     0x20000474   Section      144  selfbuild_pid.o(.bss)
    .bss                                     0x20000508   Section      312  selfbuild_mecanum_ctrl.o(.bss)
    .bss                                     0x20000640   Section      664  selfbuild_oledmenu.o(.bss)
    temp_Data                                0x200008c8   Data          16  selfbuild_oledmenu.o(.bss)
    .bss                                     0x200008d8   Section    22560  seekfree_mt9v032.o(.bss)
    .bss                                     0x200060f8   Section      104  mpu_foruser.o(.bss)
    .bss                                     0x20006160   Section       96  libspace.o(.bss)
    HEAP                                     0x200061c0   Section     4096  startup_lpc54606.o(HEAP)
    Heap_Mem                                 0x200061c0   Data        4096  startup_lpc54606.o(HEAP)
    STACK                                    0x200071c0   Section     8192  startup_lpc54606.o(STACK)
    Stack_Mem                                0x200071c0   Data        8192  startup_lpc54606.o(STACK)
    __initial_sp                             0x200091c0   Data           0  startup_lpc54606.o(STACK)

    Global Symbols

    Symbol Name                              Value     Ov Type        Size  Object(Section)

    BuildAttributes$$THM_ISAv4$E$P$D$K$B$S$7EM$VFPi3$EXTD16$VFPS$VFMA$PE$A:L22UL41UL21$X:L11$S22US41US21$IEEE1$IW$USESV6$~STKCKD$USESV7$~SHL$OTIME$ROPI$IEEEX$EBA8$UX$STANDARDLIB$REQ8$PRES8$EABIv2 0x00000000   Number         0  anon$$obj.o ABSOLUTE
    __ARM_use_no_argv                        0x00000000   Number         0  main.o ABSOLUTE
    __Vectors                                0x00000000   Data           4  startup_lpc54606.o(RESET)
    _printf_flags                            0x00000000   Number         0  printf_stubs.o ABSOLUTE
    _printf_return_value                     0x00000000   Number         0  printf_stubs.o ABSOLUTE
    _printf_sizespec                         0x00000000   Number         0  printf_stubs.o ABSOLUTE
    _printf_widthprec                        0x00000000   Number         0  printf_stubs.o ABSOLUTE
    __ARM_exceptions_init                     - Undefined Weak Reference
    __alloca_initialize                       - Undefined Weak Reference
    __arm_preinit_                            - Undefined Weak Reference
    __cpp_initialize__aeabi_                  - Undefined Weak Reference
    __cxa_finalize                            - Undefined Weak Reference
    __sigvec_lookup                           - Undefined Weak Reference
    __user_heap_extent                        - Undefined Weak Reference
    _atexit_init                              - Undefined Weak Reference
    _call_atexit_fns                          - Undefined Weak Reference
    _clock_init                               - Undefined Weak Reference
    _fp_trap_init                             - Undefined Weak Reference
    _fp_trap_shutdown                         - Undefined Weak Reference
    _get_lc_collate                           - Undefined Weak Reference
    _get_lc_monetary                          - Undefined Weak Reference
    _get_lc_time                              - Undefined Weak Reference
    _getenv_init                              - Undefined Weak Reference
    _handle_redirection                       - Undefined Weak Reference
    _mutex_acquire                            - Undefined Weak Reference
    _mutex_free                               - Undefined Weak Reference
    _mutex_release                            - Undefined Weak Reference
    _printf_mbtowc                            - Undefined Weak Reference
    _printf_wc                                - Undefined Weak Reference
    _rand_init                                - Undefined Weak Reference
    _signal_finish                            - Undefined Weak Reference
    _signal_init                              - Undefined Weak Reference
    __main                                   0x00000125   Thumb Code     8  __main.o(!!!main)
    __scatterload                            0x0000012d   Thumb Code     0  __scatter.o(!!!scatter)
    __scatterload_rt2                        0x0000012d   Thumb Code    44  __scatter.o(!!!scatter)
    __scatterload_rt2_thumb_only             0x0000012d   Thumb Code     0  __scatter.o(!!!scatter)
    __scatterload_null                       0x0000013b   Thumb Code     0  __scatter.o(!!!scatter)
    __scatterload_copy                       0x00000161   Thumb Code    26  __scatter_copy.o(!!handler_copy)
    __scatterload_zeroinit                   0x0000017d   Thumb Code    28  __scatter_zi.o(!!handler_zi)
    __rt_lib_init                            0x00000199   Thumb Code     0  libinit.o(.ARM.Collect$$libinit$$00000000)
    __rt_lib_init_fp_1                       0x0000019b   Thumb Code     0  libinit2.o(.ARM.Collect$$libinit$$00000001)
    __rt_lib_init_alloca_1                   0x0000019f   Thumb Code     0  libinit2.o(.ARM.Collect$$libinit$$0000002E)
    __rt_lib_init_argv_1                     0x0000019f   Thumb Code     0  libinit2.o(.ARM.Collect$$libinit$$0000002C)
    __rt_lib_init_atexit_1                   0x0000019f   Thumb Code     0  libinit2.o(.ARM.Collect$$libinit$$0000001B)
    __rt_lib_init_clock_1                    0x0000019f   Thumb Code     0  libinit2.o(.ARM.Collect$$libinit$$00000021)
    __rt_lib_init_cpp_1                      0x0000019f   Thumb Code     0  libinit2.o(.ARM.Collect$$libinit$$00000032)
    __rt_lib_init_exceptions_1               0x0000019f   Thumb Code     0  libinit2.o(.ARM.Collect$$libinit$$00000030)
    __rt_lib_init_fp_trap_1                  0x0000019f   Thumb Code     0  libinit2.o(.ARM.Collect$$libinit$$0000001F)
    __rt_lib_init_getenv_1                   0x0000019f   Thumb Code     0  libinit2.o(.ARM.Collect$$libinit$$00000023)
    __rt_lib_init_heap_1                     0x0000019f   Thumb Code     0  libinit2.o(.ARM.Collect$$libinit$$0000000A)
    __rt_lib_init_lc_collate_1               0x0000019f   Thumb Code     0  libinit2.o(.ARM.Collect$$libinit$$00000011)
    __rt_lib_init_lc_ctype_1                 0x0000019f   Thumb Code     0  libinit2.o(.ARM.Collect$$libinit$$00000013)
    __rt_lib_init_lc_monetary_1              0x0000019f   Thumb Code     0  libinit2.o(.ARM.Collect$$libinit$$00000015)
    __rt_lib_init_lc_numeric_1               0x0000019f   Thumb Code     0  libinit2.o(.ARM.Collect$$libinit$$00000017)
    __rt_lib_init_lc_time_1                  0x0000019f   Thumb Code     0  libinit2.o(.ARM.Collect$$libinit$$00000019)
    __rt_lib_init_preinit_1                  0x0000019f   Thumb Code     0  libinit2.o(.ARM.Collect$$libinit$$00000004)
    __rt_lib_init_rand_1                     0x0000019f   Thumb Code     0  libinit2.o(.ARM.Collect$$libinit$$0000000E)
    __rt_lib_init_return                     0x0000019f   Thumb Code     0  libinit2.o(.ARM.Collect$$libinit$$00000033)
    __rt_lib_init_signal_1                   0x0000019f   Thumb Code     0  libinit2.o(.ARM.Collect$$libinit$$0000001D)
    __rt_lib_init_stdio_1                    0x0000019f   Thumb Code     0  libinit2.o(.ARM.Collect$$libinit$$00000025)
    __rt_lib_init_user_alloc_1               0x0000019f   Thumb Code     0  libinit2.o(.ARM.Collect$$libinit$$0000000C)
    __rt_lib_shutdown                        0x000001a1   Thumb Code     0  libshutdown.o(.ARM.Collect$$libshutdown$$00000000)
    __rt_lib_shutdown_cpp_1                  0x000001a3   Thumb Code     0  libshutdown2.o(.ARM.Collect$$libshutdown$$00000002)
    __rt_lib_shutdown_fp_trap_1              0x000001a3   Thumb Code     0  libshutdown2.o(.ARM.Collect$$libshutdown$$00000007)
    __rt_lib_shutdown_heap_1                 0x000001a3   Thumb Code     0  libshutdown2.o(.ARM.Collect$$libshutdown$$0000000F)
    __rt_lib_shutdown_return                 0x000001a3   Thumb Code     0  libshutdown2.o(.ARM.Collect$$libshutdown$$00000010)
    __rt_lib_shutdown_signal_1               0x000001a3   Thumb Code     0  libshutdown2.o(.ARM.Collect$$libshutdown$$0000000A)
    __rt_lib_shutdown_stdio_1                0x000001a3   Thumb Code     0  libshutdown2.o(.ARM.Collect$$libshutdown$$00000004)
    __rt_lib_shutdown_user_alloc_1           0x000001a3   Thumb Code     0  libshutdown2.o(.ARM.Collect$$libshutdown$$0000000C)
    __rt_entry                               0x000001a5   Thumb Code     0  __rtentry.o(.ARM.Collect$$rtentry$$00000000)
    __rt_entry_presh_1                       0x000001a5   Thumb Code     0  __rtentry2.o(.ARM.Collect$$rtentry$$00000002)
    __rt_entry_sh                            0x000001a5   Thumb Code     0  __rtentry4.o(.ARM.Collect$$rtentry$$00000004)
    __rt_entry_li                            0x000001ab   Thumb Code     0  __rtentry2.o(.ARM.Collect$$rtentry$$0000000A)
    __rt_entry_postsh_1                      0x000001ab   Thumb Code     0  __rtentry2.o(.ARM.Collect$$rtentry$$00000009)
    __rt_entry_main                          0x000001af   Thumb Code     0  __rtentry2.o(.ARM.Collect$$rtentry$$0000000D)
    __rt_entry_postli_1                      0x000001af   Thumb Code     0  __rtentry2.o(.ARM.Collect$$rtentry$$0000000C)
    __rt_exit                                0x000001b7   Thumb Code     0  rtexit.o(.ARM.Collect$$rtexit$$00000000)
    __rt_exit_ls                             0x000001b9   Thumb Code     0  rtexit2.o(.ARM.Collect$$rtexit$$00000003)
    __rt_exit_prels_1                        0x000001b9   Thumb Code     0  rtexit2.o(.ARM.Collect$$rtexit$$00000002)
    __rt_exit_exit                           0x000001bd   Thumb Code     0  rtexit2.o(.ARM.Collect$$rtexit$$00000004)
    Reset_Handler                            0x000001c5   Thumb Code     8  startup_lpc54606.o(.text)
    MemManage_Handler                        0x000001d1   Thumb Code     2  startup_lpc54606.o(.text)
    BusFault_Handler                         0x000001d3   Thumb Code     2  startup_lpc54606.o(.text)
    UsageFault_Handler                       0x000001d5   Thumb Code     2  startup_lpc54606.o(.text)
    SVC_Handler                              0x000001d7   Thumb Code     2  startup_lpc54606.o(.text)
    DebugMon_Handler                         0x000001d9   Thumb Code     2  startup_lpc54606.o(.text)
    PendSV_Handler                           0x000001db   Thumb Code     2  startup_lpc54606.o(.text)
    SysTick_Handler                          0x000001dd   Thumb Code     2  startup_lpc54606.o(.text)
    WDT_BOD_IRQHandler                       0x000001df   Thumb Code     4  startup_lpc54606.o(.text)
    DMA0_IRQHandler                          0x000001e3   Thumb Code     4  startup_lpc54606.o(.text)
    GINT0_IRQHandler                         0x000001e7   Thumb Code     4  startup_lpc54606.o(.text)
    GINT1_IRQHandler                         0x000001eb   Thumb Code     4  startup_lpc54606.o(.text)
    PIN_INT0_IRQHandler                      0x000001ef   Thumb Code     4  startup_lpc54606.o(.text)
    PIN_INT1_IRQHandler                      0x000001f3   Thumb Code     4  startup_lpc54606.o(.text)
    PIN_INT2_IRQHandler                      0x000001f7   Thumb Code     4  startup_lpc54606.o(.text)
    PIN_INT3_IRQHandler                      0x000001fb   Thumb Code     4  startup_lpc54606.o(.text)
    UTICK0_IRQHandler                        0x000001ff   Thumb Code     4  startup_lpc54606.o(.text)
    MRT0_IRQHandler                          0x00000203   Thumb Code     4  startup_lpc54606.o(.text)
    CTIMER0_IRQHandler                       0x00000207   Thumb Code     4  startup_lpc54606.o(.text)
    CTIMER1_IRQHandler                       0x0000020b   Thumb Code     4  startup_lpc54606.o(.text)
    SCT0_IRQHandler                          0x0000020f   Thumb Code     4  startup_lpc54606.o(.text)
    CTIMER3_IRQHandler                       0x00000213   Thumb Code     4  startup_lpc54606.o(.text)
    FLEXCOMM0_IRQHandler                     0x00000217   Thumb Code     4  startup_lpc54606.o(.text)
    FLEXCOMM1_IRQHandler                     0x0000021b   Thumb Code     4  startup_lpc54606.o(.text)
    FLEXCOMM2_IRQHandler                     0x0000021f   Thumb Code     4  startup_lpc54606.o(.text)
    FLEXCOMM3_IRQHandler                     0x00000223   Thumb Code     4  startup_lpc54606.o(.text)
    FLEXCOMM4_IRQHandler                     0x00000227   Thumb Code     4  startup_lpc54606.o(.text)
    FLEXCOMM5_IRQHandler                     0x0000022b   Thumb Code     4  startup_lpc54606.o(.text)
    FLEXCOMM6_IRQHandler                     0x0000022f   Thumb Code     4  startup_lpc54606.o(.text)
    FLEXCOMM7_IRQHandler                     0x00000233   Thumb Code     4  startup_lpc54606.o(.text)
    ADC0_SEQA_IRQHandler                     0x00000237   Thumb Code     4  startup_lpc54606.o(.text)
    ADC0_SEQB_IRQHandler                     0x0000023b   Thumb Code     4  startup_lpc54606.o(.text)
    ADC0_THCMP_IRQHandler                    0x0000023f   Thumb Code     4  startup_lpc54606.o(.text)
    DMIC0_IRQHandler                         0x00000243   Thumb Code     4  startup_lpc54606.o(.text)
    HWVAD0_IRQHandler                        0x00000247   Thumb Code     4  startup_lpc54606.o(.text)
    USB0_NEEDCLK_IRQHandler                  0x0000024b   Thumb Code     4  startup_lpc54606.o(.text)
    USB0_IRQHandler                          0x0000024f   Thumb Code     4  startup_lpc54606.o(.text)
    RTC_IRQHandler                           0x00000253   Thumb Code     4  startup_lpc54606.o(.text)
    Reserved46_IRQHandler                    0x00000257   Thumb Code     4  startup_lpc54606.o(.text)
    Reserved47_IRQHandler                    0x0000025b   Thumb Code     4  startup_lpc54606.o(.text)
    PIN_INT4_IRQHandler                      0x0000025f   Thumb Code     4  startup_lpc54606.o(.text)
    PIN_INT5_IRQHandler                      0x00000263   Thumb Code     4  startup_lpc54606.o(.text)
    PIN_INT6_IRQHandler                      0x00000267   Thumb Code     4  startup_lpc54606.o(.text)
    PIN_INT7_IRQHandler                      0x0000026b   Thumb Code     4  startup_lpc54606.o(.text)
    CTIMER2_IRQHandler                       0x0000026f   Thumb Code     4  startup_lpc54606.o(.text)
    CTIMER4_IRQHandler                       0x00000273   Thumb Code     4  startup_lpc54606.o(.text)
    RIT_IRQHandler                           0x00000277   Thumb Code     4  startup_lpc54606.o(.text)
    SPIFI0_IRQHandler                        0x0000027b   Thumb Code     4  startup_lpc54606.o(.text)
    FLEXCOMM8_IRQHandler                     0x0000027f   Thumb Code     4  startup_lpc54606.o(.text)
    FLEXCOMM9_IRQHandler                     0x00000283   Thumb Code     4  startup_lpc54606.o(.text)
    SDIO_IRQHandler                          0x00000287   Thumb Code     4  startup_lpc54606.o(.text)
    CAN0_IRQ0_IRQHandler                     0x0000028b   Thumb Code     4  startup_lpc54606.o(.text)
    CAN0_IRQ1_IRQHandler                     0x0000028f   Thumb Code     4  startup_lpc54606.o(.text)
    CAN1_IRQ0_IRQHandler                     0x00000293   Thumb Code     4  startup_lpc54606.o(.text)
    CAN1_IRQ1_IRQHandler                     0x00000297   Thumb Code     4  startup_lpc54606.o(.text)
    USB1_IRQHandler                          0x0000029b   Thumb Code     4  startup_lpc54606.o(.text)
    USB1_NEEDCLK_IRQHandler                  0x0000029f   Thumb Code     4  startup_lpc54606.o(.text)
    ETHERNET_IRQHandler                      0x000002a3   Thumb Code     4  startup_lpc54606.o(.text)
    ETHERNET_PMT_IRQHandler                  0x000002a7   Thumb Code     4  startup_lpc54606.o(.text)
    ETHERNET_MACLP_IRQHandler                0x000002ab   Thumb Code     4  startup_lpc54606.o(.text)
    EEPROM_IRQHandler                        0x000002af   Thumb Code     4  startup_lpc54606.o(.text)
    LCD_IRQHandler                           0x000002b3   Thumb Code     4  startup_lpc54606.o(.text)
    SHA_IRQHandler                           0x000002b7   Thumb Code     4  startup_lpc54606.o(.text)
    SMARTCARD0_IRQHandler                    0x000002bb   Thumb Code     4  startup_lpc54606.o(.text)
    SMARTCARD1_IRQHandler                    0x000002bf   Thumb Code     4  startup_lpc54606.o(.text)
    ADC0_SEQA_DriverIRQHandler               0x000002c3   Thumb Code     0  startup_lpc54606.o(.text)
    ADC0_SEQB_DriverIRQHandler               0x000002c3   Thumb Code     0  startup_lpc54606.o(.text)
    ADC0_THCMP_DriverIRQHandler              0x000002c3   Thumb Code     0  startup_lpc54606.o(.text)
    CAN0_IRQ0_DriverIRQHandler               0x000002c3   Thumb Code     0  startup_lpc54606.o(.text)
    CAN0_IRQ1_DriverIRQHandler               0x000002c3   Thumb Code     0  startup_lpc54606.o(.text)
    CAN1_IRQ0_DriverIRQHandler               0x000002c3   Thumb Code     0  startup_lpc54606.o(.text)
    CAN1_IRQ1_DriverIRQHandler               0x000002c3   Thumb Code     0  startup_lpc54606.o(.text)
    CTIMER0_DriverIRQHandler                 0x000002c3   Thumb Code     0  startup_lpc54606.o(.text)
    CTIMER1_DriverIRQHandler                 0x000002c3   Thumb Code     0  startup_lpc54606.o(.text)
    CTIMER2_DriverIRQHandler                 0x000002c3   Thumb Code     0  startup_lpc54606.o(.text)
    CTIMER3_DriverIRQHandler                 0x000002c3   Thumb Code     0  startup_lpc54606.o(.text)
    CTIMER4_DriverIRQHandler                 0x000002c3   Thumb Code     0  startup_lpc54606.o(.text)
    DMIC0_DriverIRQHandler                   0x000002c3   Thumb Code     0  startup_lpc54606.o(.text)
    EEPROM_DriverIRQHandler                  0x000002c3   Thumb Code     0  startup_lpc54606.o(.text)
    ETHERNET_DriverIRQHandler                0x000002c3   Thumb Code     0  startup_lpc54606.o(.text)
    ETHERNET_MACLP_DriverIRQHandler          0x000002c3   Thumb Code     0  startup_lpc54606.o(.text)
    ETHERNET_PMT_DriverIRQHandler            0x000002c3   Thumb Code     0  startup_lpc54606.o(.text)
    FLEXCOMM1_DriverIRQHandler               0x000002c3   Thumb Code     0  startup_lpc54606.o(.text)
    FLEXCOMM2_DriverIRQHandler               0x000002c3   Thumb Code     0  startup_lpc54606.o(.text)
    FLEXCOMM3_DriverIRQHandler               0x000002c3   Thumb Code     0  startup_lpc54606.o(.text)
    FLEXCOMM4_DriverIRQHandler               0x000002c3   Thumb Code     0  startup_lpc54606.o(.text)
    FLEXCOMM6_DriverIRQHandler               0x000002c3   Thumb Code     0  startup_lpc54606.o(.text)
    FLEXCOMM7_DriverIRQHandler               0x000002c3   Thumb Code     0  startup_lpc54606.o(.text)
    FLEXCOMM8_DriverIRQHandler               0x000002c3   Thumb Code     0  startup_lpc54606.o(.text)
    FLEXCOMM9_DriverIRQHandler               0x000002c3   Thumb Code     0  startup_lpc54606.o(.text)
    GINT0_DriverIRQHandler                   0x000002c3   Thumb Code     0  startup_lpc54606.o(.text)
    GINT1_DriverIRQHandler                   0x000002c3   Thumb Code     0  startup_lpc54606.o(.text)
    HWVAD0_DriverIRQHandler                  0x000002c3   Thumb Code     0  startup_lpc54606.o(.text)
    LCD_DriverIRQHandler                     0x000002c3   Thumb Code     0  startup_lpc54606.o(.text)
    PIN_INT0_DriverIRQHandler                0x000002c3   Thumb Code     0  startup_lpc54606.o(.text)
    PIN_INT1_DriverIRQHandler                0x000002c3   Thumb Code     0  startup_lpc54606.o(.text)
    PIN_INT2_DriverIRQHandler                0x000002c3   Thumb Code     0  startup_lpc54606.o(.text)
    PIN_INT3_DriverIRQHandler                0x000002c3   Thumb Code     0  startup_lpc54606.o(.text)
    PIN_INT4_DriverIRQHandler                0x000002c3   Thumb Code     0  startup_lpc54606.o(.text)
    PIN_INT5_DriverIRQHandler                0x000002c3   Thumb Code     0  startup_lpc54606.o(.text)
    PIN_INT6_DriverIRQHandler                0x000002c3   Thumb Code     0  startup_lpc54606.o(.text)
    RTC_DriverIRQHandler                     0x000002c3   Thumb Code     0  startup_lpc54606.o(.text)
    Reserved46_DriverIRQHandler              0x000002c3   Thumb Code     0  startup_lpc54606.o(.text)
    Reserved47_DriverIRQHandler              0x000002c3   Thumb Code     0  startup_lpc54606.o(.text)
    SCT0_DriverIRQHandler                    0x000002c3   Thumb Code     0  startup_lpc54606.o(.text)
    SDIO_DriverIRQHandler                    0x000002c3   Thumb Code     0  startup_lpc54606.o(.text)
    SHA_DriverIRQHandler                     0x000002c3   Thumb Code     0  startup_lpc54606.o(.text)
    SMARTCARD0_DriverIRQHandler              0x000002c3   Thumb Code     0  startup_lpc54606.o(.text)
    SMARTCARD1_DriverIRQHandler              0x000002c3   Thumb Code     0  startup_lpc54606.o(.text)
    SPIFI0_DriverIRQHandler                  0x000002c3   Thumb Code     0  startup_lpc54606.o(.text)
    USB0_DriverIRQHandler                    0x000002c3   Thumb Code     0  startup_lpc54606.o(.text)
    USB0_NEEDCLK_DriverIRQHandler            0x000002c3   Thumb Code     0  startup_lpc54606.o(.text)
    USB1_DriverIRQHandler                    0x000002c3   Thumb Code     0  startup_lpc54606.o(.text)
    USB1_NEEDCLK_DriverIRQHandler            0x000002c3   Thumb Code     0  startup_lpc54606.o(.text)
    UTICK0_DriverIRQHandler                  0x000002c3   Thumb Code     0  startup_lpc54606.o(.text)
    WDT_BOD_DriverIRQHandler                 0x000002c3   Thumb Code     0  startup_lpc54606.o(.text)
    __user_initial_stackheap                 0x000002c5   Thumb Code     0  startup_lpc54606.o(.text)
    __aeabi_ldivmod                          0x000003cd   Thumb Code     0  llsdiv.o(.text)
    _ll_sdiv                                 0x000003cd   Thumb Code    72  llsdiv.o(.text)
    __use_two_region_memory                  0x00000415   Thumb Code     2  heapauxi.o(.text)
    __rt_heap_escrow                         0x00000417   Thumb Code     2  heapauxi.o(.text)
    __rt_heap_expand                         0x00000419   Thumb Code     2  heapauxi.o(.text)
    __aeabi_uldivmod                         0x0000041b   Thumb Code     0  lludivv7m.o(.text)
    _ll_udiv                                 0x0000041b   Thumb Code   238  lludivv7m.o(.text)
    __user_libspace                          0x00000509   Thumb Code     8  libspace.o(.text)
    __user_perproc_libspace                  0x00000509   Thumb Code     0  libspace.o(.text)
    __user_perthread_libspace                0x00000509   Thumb Code     0  libspace.o(.text)
    __I$use$semihosting                      0x00000511   Thumb Code     0  use_no_semi.o(.text)
    __use_no_semihosting_swi                 0x00000511   Thumb Code     2  use_no_semi.o(.text)
    __semihosting_library_function           0x00000513   Thumb Code     0  indicate_semi.o(.text)
    __user_setup_stackheap                   0x00000513   Thumb Code    74  sys_stackheap_outer.o(.text)
    exit                                     0x0000055d   Thumb Code    18  exit.o(.text)
    _sys_exit                                0x00000571   Thumb Code     8  sys_exit.o(.text)
    DMA0_DriverIRQHandler                    0x000005c1   Thumb Code    24  isr.o(i.DMA0_DriverIRQHandler)
    FLEXCOMM0_DriverIRQHandler               0x000005dd   Thumb Code  1094  isr.o(i.FLEXCOMM0_DriverIRQHandler)
    FLEXCOMM5_DriverIRQHandler               0x00000a25   Thumb Code    58  isr.o(i.FLEXCOMM5_DriverIRQHandler)
    HardFault_Handler                        0x00000a65   Thumb Code    10  system_lpc54606.o(i.HardFault_Handler)
    Init_ALL                                 0x00000aa9   Thumb Code   258  selfbuild_control.o(i.Init_ALL)
    LEDPIN_Init                              0x00000bc9   Thumb Code    52  selfbuild_oled.o(i.LEDPIN_Init)
    LED_DLY_ms                               0x00000bfd   Thumb Code    26  selfbuild_oled.o(i.LED_DLY_ms)
    LED_Fill                                 0x00000c17   Thumb Code    58  selfbuild_oled.o(i.LED_Fill)
    LED_P6x8Char                             0x00000c51   Thumb Code    74  selfbuild_oled.o(i.LED_P6x8Char)
    LED_P6x8Str                              0x00000ca1   Thumb Code    96  selfbuild_oled.o(i.LED_P6x8Str)
    LED_Set_Pos                              0x00000d05   Thumb Code    38  selfbuild_oled.o(i.LED_Set_Pos)
    LED_WrCmd                                0x00000d2b   Thumb Code    80  selfbuild_oled.o(i.LED_WrCmd)
    LED_WrDat                                0x00000d7b   Thumb Code    80  selfbuild_oled.o(i.LED_WrDat)
    MRT0_DriverIRQHandler                    0x00000dcd   Thumb Code   106  isr.o(i.MRT0_DriverIRQHandler)
    M_divider                                0x00000e41   Thumb Code    96  lpc546xx_pll.o(i.M_divider)
    Menu_Init                                0x00000fd9   Thumb Code   798  selfbuild_oledmenu.o(i.Menu_Init)
    Menu_Work                                0x00001445   Thumb Code  3002  selfbuild_oledmenu.o(i.Menu_Work)
    Motor_PWM_Set                            0x00002039   Thumb Code   234  selfbuild_mecanum_ctrl.o(i.Motor_PWM_Set)
    NMI_Handler                              0x00002145   Thumb Code     2  system_lpc54606.o(i.NMI_Handler)
    N_divider                                0x00002179   Thumb Code   106  lpc546xx_pll.o(i.N_divider)
    OLED_Init                                0x000021e9   Thumb Code   140  selfbuild_oled.o(i.OLED_Init)
    OLED_P6x8Flo                             0x00002275   Thumb Code   288  selfbuild_oled.o(i.OLED_P6x8Flo)
    OLED_P6x8Int                             0x000023a5   Thumb Code   210  selfbuild_oled.o(i.OLED_P6x8Int)
    PID_Calcu                                0x0000247d   Thumb Code    76  selfbuild_pid.o(i.PID_Calcu)
    PID_Dynam                                0x000024c9   Thumb Code   256  selfbuild_pid.o(i.PID_Dynam)
    PID_Incre                                0x000025d9   Thumb Code   106  selfbuild_pid.o(i.PID_Incre)
    PID_Local                                0x00002643   Thumb Code    94  selfbuild_pid.o(i.PID_Local)
    PIN_INT7_DriverIRQHandler                0x000026a1   Thumb Code     8  isr.o(i.PIN_INT7_DriverIRQHandler)
    P_divider                                0x000026a9   Thumb Code    94  lpc546xx_pll.o(i.P_divider)
    RIT_DriverIRQHandler                     0x0000270d   Thumb Code   164  isr.o(i.RIT_DriverIRQHandler)
    Read_ButtSwitData                        0x000027d1   Thumb Code   144  selfbuild_control.o(i.Read_ButtSwitData)
    SetAddressingMode                        0x00002865   Thumb Code    18  selfbuild_oled.o(i.SetAddressingMode)
    SetContrastControl                       0x00002877   Thumb Code    18  selfbuild_oled.o(i.SetContrastControl)
    SetStartLine                             0x00002889   Thumb Code    14  selfbuild_oled.o(i.SetStartLine)
    Set_Charge_Pump                          0x00002897   Thumb Code    20  selfbuild_oled.o(i.Set_Charge_Pump)
    Set_Common_Config                        0x000028ab   Thumb Code    20  selfbuild_oled.o(i.Set_Common_Config)
    Set_Common_Remap                         0x000028bf   Thumb Code    14  selfbuild_oled.o(i.Set_Common_Remap)
    Set_Display_Clock                        0x000028cd   Thumb Code    18  selfbuild_oled.o(i.Set_Display_Clock)
    Set_Display_Offset                       0x000028df   Thumb Code    18  selfbuild_oled.o(i.Set_Display_Offset)
    Set_Display_On_Off                       0x000028f1   Thumb Code    14  selfbuild_oled.o(i.Set_Display_On_Off)
    Set_Entire_Display                       0x000028ff   Thumb Code    14  selfbuild_oled.o(i.Set_Entire_Display)
    Set_Inverse_Display                      0x0000290d   Thumb Code    14  selfbuild_oled.o(i.Set_Inverse_Display)
    Set_Multiplex_Ratio                      0x0000291b   Thumb Code    18  selfbuild_oled.o(i.Set_Multiplex_Ratio)
    Set_Precharge_Period                     0x0000292d   Thumb Code    18  selfbuild_oled.o(i.Set_Precharge_Period)
    Set_Segment_Remap                        0x0000293f   Thumb Code    14  selfbuild_oled.o(i.Set_Segment_Remap)
    Set_VCOMH                                0x0000294d   Thumb Code    18  selfbuild_oled.o(i.Set_VCOMH)
    SystemInit                               0x00002961   Thumb Code    42  system_lpc54606.o(i.SystemInit)
    Wheel_Analysis                           0x00002999   Thumb Code   398  selfbuild_mecanum_ctrl.o(i.Wheel_Analysis)
    assert_failed                            0x00002b35   Thumb Code    18  assert.o(i.assert_failed)
    ctimer_clock                             0x00002b4d   Thumb Code   110  lpc546xx_ctimer.o(i.ctimer_clock)
    ctimer_pwm_duty                          0x00002bc5   Thumb Code   230  lpc546xx_ctimer.o(i.ctimer_pwm_duty)
    ctimer_pwm_init                          0x00002cd9   Thumb Code   414  lpc546xx_ctimer.o(i.ctimer_pwm_init)
    ctimer_pwmmux                            0x00002ea9   Thumb Code   494  lpc546xx_ctimer.o(i.ctimer_pwmmux)
    eeprom_init                              0x000030f5   Thumb Code    96  lpc546xx_eeprom.o(i.eeprom_init)
    flexcomm_clk_enable                      0x000031cd   Thumb Code   198  lpc546xx_flexcomm.o(i.flexcomm_clk_enable)
    flexcomm_get_clk                         0x000032c9   Thumb Code     6  lpc546xx_flexcomm.o(i.flexcomm_get_clk)
    flexcomm_irq                             0x000032d5   Thumb Code    56  lpc546xx_flexcomm.o(i.flexcomm_irq)
    get_clk                                  0x0000330d   Thumb Code    98  lpc546xx_pll.o(i.get_clk)
    gpio_get                                 0x00003379   Thumb Code    18  lpc546xx_gpio.o(i.gpio_get)
    gpio_init                                0x00003391   Thumb Code   182  lpc546xx_gpio.o(i.gpio_init)
    gpio_set                                 0x00003459   Thumb Code    42  lpc546xx_gpio.o(i.gpio_set)
    iocon_init                               0x00003489   Thumb Code    62  lpc546xx_iocon.o(i.iocon_init)
    main                                     0x000034ed   Thumb Code    12  main.o(i.main)
    mt9v032_cof_uart_interrupt               0x000034f9   Thumb Code    68  seekfree_mt9v032.o(i.mt9v032_cof_uart_interrupt)
    mt9v032_dma                              0x00003549   Thumb Code    22  seekfree_mt9v032.o(i.mt9v032_dma)
    mt9v032_vsync                            0x00003569   Thumb Code    40  seekfree_mt9v032.o(i.mt9v032_vsync)
    my_eeprom_write_word                     0x0000359d   Thumb Code    88  lpc546xx_eeprom.o(i.my_eeprom_write_word)
    myabs                                    0x00003625   Thumb Code    14  seekfree_fun.o(i.myabs)
    number_conversion_ascii                  0x00003633   Thumb Code   136  seekfree_printf.o(i.number_conversion_ascii)
    pll_init                                 0x000037c1   Thumb Code   112  lpc546xx_pll.o(i.pll_init)
    printf                                   0x00003849   Thumb Code   626  seekfree_printf.o(i.printf)
    printf_reverse_order                     0x00003acd   Thumb Code    34  seekfree_printf.o(i.printf_reverse_order)
    systick_delay                            0x00003af1   Thumb Code    64  lpc546xx_systick.o(i.systick_delay)
    systick_delay_ms                         0x00003b51   Thumb Code    32  lpc546xx_systick.o(i.systick_delay_ms)
    uart_getchar                             0x00003b75   Thumb Code    34  lpc546xx_uart.o(i.uart_getchar)
    uart_init                                0x00003b9d   Thumb Code   302  lpc546xx_uart.o(i.uart_init)
    uart_mux                                 0x00003ced   Thumb Code   744  lpc546xx_uart.o(i.uart_mux)
    uart_putbuff                             0x00003ff1   Thumb Code    30  lpc546xx_uart.o(i.uart_putbuff)
    uart_putchar                             0x00004011   Thumb Code    32  lpc546xx_uart.o(i.uart_putchar)
    uart_query                               0x00004035   Thumb Code    38  lpc546xx_uart.o(i.uart_query)
    uart_rx_irq                              0x00004061   Thumb Code   116  lpc546xx_uart.o(i.uart_rx_irq)
    write_syspllctrl                         0x000040d9   Thumb Code   120  lpc546xx_pll.o(i.write_syspllctrl)
    __aeabi_dneg                             0x00004155   Thumb Code     0  basic.o(x$fpl$basic)
    _dneg                                    0x00004155   Thumb Code     6  basic.o(x$fpl$basic)
    __aeabi_fneg                             0x0000415b   Thumb Code     0  basic.o(x$fpl$basic)
    _fneg                                    0x0000415b   Thumb Code     6  basic.o(x$fpl$basic)
    _dabs                                    0x00004161   Thumb Code     6  basic.o(x$fpl$basic)
    _fabs                                    0x00004167   Thumb Code     6  basic.o(x$fpl$basic)
    __aeabi_d2f                              0x0000416d   Thumb Code     0  d2f.o(x$fpl$d2f)
    _d2f                                     0x0000416d   Thumb Code    98  d2f.o(x$fpl$d2f)
    __aeabi_dadd                             0x000041d1   Thumb Code     0  daddsub_clz.o(x$fpl$dadd)
    _dadd                                    0x000041d1   Thumb Code   332  daddsub_clz.o(x$fpl$dadd)
    __fpl_dcmp_Inf                           0x00004321   Thumb Code    24  dcmpi.o(x$fpl$dcmpinf)
    __aeabi_ddiv                             0x00004339   Thumb Code     0  ddiv.o(x$fpl$ddiv)
    _ddiv                                    0x00004339   Thumb Code   552  ddiv.o(x$fpl$ddiv)
    __aeabi_d2iz                             0x000045e9   Thumb Code     0  dfix.o(x$fpl$dfix)
    _dfix                                    0x000045e9   Thumb Code    94  dfix.o(x$fpl$dfix)
    __aeabi_d2uiz                            0x00004649   Thumb Code     0  dfixu.o(x$fpl$dfixu)
    _dfixu                                   0x00004649   Thumb Code    90  dfixu.o(x$fpl$dfixu)
    __aeabi_i2d                              0x000046a3   Thumb Code     0  dflt_clz.o(x$fpl$dflt)
    _dflt                                    0x000046a3   Thumb Code    46  dflt_clz.o(x$fpl$dflt)
    __aeabi_cdcmple                          0x000046d1   Thumb Code     0  dleqf.o(x$fpl$dleqf)
    _dcmple                                  0x000046d1   Thumb Code   120  dleqf.o(x$fpl$dleqf)
    __fpl_dcmple_InfNaN                      0x00004733   Thumb Code     0  dleqf.o(x$fpl$dleqf)
    __aeabi_dmul                             0x00004749   Thumb Code     0  dmul.o(x$fpl$dmul)
    _dmul                                    0x00004749   Thumb Code   332  dmul.o(x$fpl$dmul)
    __fpl_dnaninf                            0x0000489d   Thumb Code   156  dnaninf.o(x$fpl$dnaninf)
    __fpl_dretinf                            0x00004939   Thumb Code    12  dretinf.o(x$fpl$dretinf)
    __aeabi_cdrcmple                         0x00004945   Thumb Code     0  drleqf.o(x$fpl$drleqf)
    _drcmple                                 0x00004945   Thumb Code   108  drleqf.o(x$fpl$drleqf)
    __aeabi_drsub                            0x000049b1   Thumb Code     0  daddsub_clz.o(x$fpl$drsb)
    _drsb                                    0x000049b1   Thumb Code    22  daddsub_clz.o(x$fpl$drsb)
    __aeabi_dsub                             0x000049c9   Thumb Code     0  daddsub_clz.o(x$fpl$dsub)
    _dsub                                    0x000049c9   Thumb Code   464  daddsub_clz.o(x$fpl$dsub)
    __aeabi_f2d                              0x00004b9d   Thumb Code     0  f2d.o(x$fpl$f2d)
    _f2d                                     0x00004b9d   Thumb Code    86  f2d.o(x$fpl$f2d)
    __fpl_fnaninf                            0x00004bf3   Thumb Code   140  fnaninf.o(x$fpl$fnaninf)
    _fp_init                                 0x00004c7f   Thumb Code    10  fpinit.o(x$fpl$fpinit)
    __fplib_config_fpu_vfp                   0x00004c87   Thumb Code     0  fpinit.o(x$fpl$fpinit)
    __fplib_config_pureend_doubles           0x00004c87   Thumb Code     0  fpinit.o(x$fpl$fpinit)
    __fpl_fretinf                            0x00004c89   Thumb Code    10  fretinf.o(x$fpl$fretinf)
    __I$use$fp                               0x00004c92   Number         0  usenofp.o(x$fpl$usenofp)
    period_ch                                0x00004c94   Data          20  lpc546xx_ctimer.o(.constdata)
    duty_max                                 0x00004ca8   Data          20  lpc546xx_ctimer.o(.constdata)
    debugging_information                    0x00004cbc   Data          50  assert.o(.constdata)
    F6x8                                     0x00004cee   Data         552  selfbuild_oled.o(.constdata)
    F8X16                                    0x00004f16   Data        1520  selfbuild_oled.o(.constdata)
    F14x16_Idx                               0x00005506   Data           9  selfbuild_oled.o(.constdata)
    F14x16                                   0x0000550f   Data         112  selfbuild_oled.o(.constdata)
    Region$$Table$$Base                      0x00005580   Number         0  anon$$obj.o(Region$$Table)
    Region$$Table$$Limit                     0x000055a0   Number         0  anon$$obj.o(Region$$Table)
    TIMERN                                   0x20000000   Data          20  lpc546xx_ctimer.o(.data)
    FLEXCOMMN                                0x20000014   Data          40  lpc546xx_flexcomm.o(.data)
    main_clk_mhz                             0x2000003c   Data           2  lpc546xx_pll.o(.data)
    UARTN                                    0x20000040   Data          40  lpc546xx_uart.o(.data)
    Speed_Ratio                              0x20000068   Data           4  selfbuild_mecanum_ctrl.o(.data)
    Encoder_Pulse_TIMER                      0x2000006c   Data           5  selfbuild_mecanum_ctrl.o(.data)
    Encoder_Dir_Pin                          0x20000071   Data           5  selfbuild_mecanum_ctrl.o(.data)
    Encoder_Dir_Set                          0x20000076   Data           5  selfbuild_mecanum_ctrl.o(.data)
    Motor_PWM                                0x2000007b   Data          10  selfbuild_mecanum_ctrl.o(.data)
    tt                                       0x20000090   Data           4  isr.o(.data)
    receive                                  0x20000096   Data           3  seekfree_mt9v032.o(.data)
    receive_num                              0x20000099   Data           1  seekfree_mt9v032.o(.data)
    uart_receive_flag                        0x2000009a   Data           1  seekfree_mt9v032.o(.data)
    MT9V032_CFG                              0x2000009c   Data          36  seekfree_mt9v032.o(.data)
    GET_CFG                                  0x200000c0   Data          32  seekfree_mt9v032.o(.data)
    mt9v032_finish_flag                      0x200000e0   Data           1  seekfree_mt9v032.o(.data)
    s_dma_descriptor_table                   0x20000200   Data         480  lpc546xx_dma.o(.bss)
    Base_Data                                0x200003e0   Data         146  selfbuild_control.o(.bss)
    PID_Speed                                0x20000474   Data          48  selfbuild_pid.o(.bss)
    PID_Dir                                  0x200004a4   Data          48  selfbuild_pid.o(.bss)
    PID_Dis                                  0x200004d4   Data          48  selfbuild_pid.o(.bss)
    MECANUM_Motor_Data                       0x20000508   Data         312  selfbuild_mecanum_ctrl.o(.bss)
    Menu                                     0x20000640   Data         440  selfbuild_oledmenu.o(.bss)
    Copy_Data                                0x200007f8   Data          64  selfbuild_oledmenu.o(.bss)
    Copy_Type                                0x20000838   Data          16  selfbuild_oledmenu.o(.bss)
    ZERO                                     0x20000848   Data         128  selfbuild_oledmenu.o(.bss)
    image                                    0x200008d8   Data       22560  seekfree_mt9v032.o(.bss)
    MPU_Data                                 0x200060f8   Data         104  mpu_foruser.o(.bss)
    __libspace_start                         0x20006160   Data          96  libspace.o(.bss)
    __temporary_stack_top$libspace           0x200061c0   Data           0  libspace.o(.bss)



==============================================================================

Memory Map of the image

  Image Entry point : 0x00000125

  Load Region LR_IROM1 (Base: 0x00000000, Size: 0x00005684, Max: 0x00080000, ABSOLUTE)

    Execution Region ER_IROM1 (Base: 0x00000000, Size: 0x000055a0, Max: 0x00080000, ABSOLUTE)

    Base Addr    Size         Type   Attr      Idx    E Section Name        Object

    0x00000000   0x00000124   Data   RO            3    RESET               startup_lpc54606.o
    0x00000124   0x00000008   Code   RO         4974  * !!!main             c_w.l(__main.o)
    0x0000012c   0x00000034   Code   RO         5801    !!!scatter          c_w.l(__scatter.o)
    0x00000160   0x0000001a   Code   RO         5803    !!handler_copy      c_w.l(__scatter_copy.o)
    0x0000017a   0x00000002   PAD
    0x0000017c   0x0000001c   Code   RO         5805    !!handler_zi        c_w.l(__scatter_zi.o)
    0x00000198   0x00000002   Code   RO         5630    .ARM.Collect$$libinit$$00000000  c_w.l(libinit.o)
    0x0000019a   0x00000004   Code   RO         5631    .ARM.Collect$$libinit$$00000001  c_w.l(libinit2.o)
    0x0000019e   0x00000000   Code   RO         5634    .ARM.Collect$$libinit$$00000004  c_w.l(libinit2.o)
    0x0000019e   0x00000000   Code   RO         5637    .ARM.Collect$$libinit$$0000000A  c_w.l(libinit2.o)
    0x0000019e   0x00000000   Code   RO         5639    .ARM.Collect$$libinit$$0000000C  c_w.l(libinit2.o)
    0x0000019e   0x00000000   Code   RO         5641    .ARM.Collect$$libinit$$0000000E  c_w.l(libinit2.o)
    0x0000019e   0x00000000   Code   RO         5644    .ARM.Collect$$libinit$$00000011  c_w.l(libinit2.o)
    0x0000019e   0x00000000   Code   RO         5646    .ARM.Collect$$libinit$$00000013  c_w.l(libinit2.o)
    0x0000019e   0x00000000   Code   RO         5648    .ARM.Collect$$libinit$$00000015  c_w.l(libinit2.o)
    0x0000019e   0x00000000   Code   RO         5650    .ARM.Collect$$libinit$$00000017  c_w.l(libinit2.o)
    0x0000019e   0x00000000   Code   RO         5652    .ARM.Collect$$libinit$$00000019  c_w.l(libinit2.o)
    0x0000019e   0x00000000   Code   RO         5654    .ARM.Collect$$libinit$$0000001B  c_w.l(libinit2.o)
    0x0000019e   0x00000000   Code   RO         5656    .ARM.Collect$$libinit$$0000001D  c_w.l(libinit2.o)
    0x0000019e   0x00000000   Code   RO         5658    .ARM.Collect$$libinit$$0000001F  c_w.l(libinit2.o)
    0x0000019e   0x00000000   Code   RO         5660    .ARM.Collect$$libinit$$00000021  c_w.l(libinit2.o)
    0x0000019e   0x00000000   Code   RO         5662    .ARM.Collect$$libinit$$00000023  c_w.l(libinit2.o)
    0x0000019e   0x00000000   Code   RO         5664    .ARM.Collect$$libinit$$00000025  c_w.l(libinit2.o)
    0x0000019e   0x00000000   Code   RO         5668    .ARM.Collect$$libinit$$0000002C  c_w.l(libinit2.o)
    0x0000019e   0x00000000   Code   RO         5670    .ARM.Collect$$libinit$$0000002E  c_w.l(libinit2.o)
    0x0000019e   0x00000000   Code   RO         5672    .ARM.Collect$$libinit$$00000030  c_w.l(libinit2.o)
    0x0000019e   0x00000000   Code   RO         5674    .ARM.Collect$$libinit$$00000032  c_w.l(libinit2.o)
    0x0000019e   0x00000002   Code   RO         5675    .ARM.Collect$$libinit$$00000033  c_w.l(libinit2.o)
    0x000001a0   0x00000002   Code   RO         5782    .ARM.Collect$$libshutdown$$00000000  c_w.l(libshutdown.o)
    0x000001a2   0x00000000   Code   RO         5753    .ARM.Collect$$libshutdown$$00000002  c_w.l(libshutdown2.o)
    0x000001a2   0x00000000   Code   RO         5755    .ARM.Collect$$libshutdown$$00000004  c_w.l(libshutdown2.o)
    0x000001a2   0x00000000   Code   RO         5758    .ARM.Collect$$libshutdown$$00000007  c_w.l(libshutdown2.o)
    0x000001a2   0x00000000   Code   RO         5761    .ARM.Collect$$libshutdown$$0000000A  c_w.l(libshutdown2.o)
    0x000001a2   0x00000000   Code   RO         5763    .ARM.Collect$$libshutdown$$0000000C  c_w.l(libshutdown2.o)
    0x000001a2   0x00000000   Code   RO         5766    .ARM.Collect$$libshutdown$$0000000F  c_w.l(libshutdown2.o)
    0x000001a2   0x00000002   Code   RO         5767    .ARM.Collect$$libshutdown$$00000010  c_w.l(libshutdown2.o)
    0x000001a4   0x00000000   Code   RO         5258    .ARM.Collect$$rtentry$$00000000  c_w.l(__rtentry.o)
    0x000001a4   0x00000000   Code   RO         5419    .ARM.Collect$$rtentry$$00000002  c_w.l(__rtentry2.o)
    0x000001a4   0x00000006   Code   RO         5431    .ARM.Collect$$rtentry$$00000004  c_w.l(__rtentry4.o)
    0x000001aa   0x00000000   Code   RO         5421    .ARM.Collect$$rtentry$$00000009  c_w.l(__rtentry2.o)
    0x000001aa   0x00000004   Code   RO         5422    .ARM.Collect$$rtentry$$0000000A  c_w.l(__rtentry2.o)
    0x000001ae   0x00000000   Code   RO         5424    .ARM.Collect$$rtentry$$0000000C  c_w.l(__rtentry2.o)
    0x000001ae   0x00000008   Code   RO         5425    .ARM.Collect$$rtentry$$0000000D  c_w.l(__rtentry2.o)
    0x000001b6   0x00000002   Code   RO         5680    .ARM.Collect$$rtexit$$00000000  c_w.l(rtexit.o)
    0x000001b8   0x00000000   Code   RO         5716    .ARM.Collect$$rtexit$$00000002  c_w.l(rtexit2.o)
    0x000001b8   0x00000004   Code   RO         5717    .ARM.Collect$$rtexit$$00000003  c_w.l(rtexit2.o)
    0x000001bc   0x00000006   Code   RO         5718    .ARM.Collect$$rtexit$$00000004  c_w.l(rtexit2.o)
    0x000001c2   0x00000002   PAD
    0x000001c4   0x00000208   Code   RO            4    .text               startup_lpc54606.o
    0x000003cc   0x00000048   Code   RO         4917    .text               c_w.l(llsdiv.o)
    0x00000414   0x00000006   Code   RO         4972    .text               c_w.l(heapauxi.o)
    0x0000041a   0x000000ee   Code   RO         5259    .text               c_w.l(lludivv7m.o)
    0x00000508   0x00000008   Code   RO         5558    .text               c_w.l(libspace.o)
    0x00000510   0x00000002   Code   RO         5561    .text               c_w.l(use_no_semi.o)
    0x00000512   0x00000000   Code   RO         5565    .text               c_w.l(indicate_semi.o)
    0x00000512   0x0000004a   Code   RO         5566    .text               c_w.l(sys_stackheap_outer.o)
    0x0000055c   0x00000012   Code   RO         5617    .text               c_w.l(exit.o)
    0x0000056e   0x00000002   PAD
    0x00000570   0x0000000c   Code   RO         5768    .text               c_w.l(sys_exit.o)
    0x0000057c   0x00000044   Code   RO         1556    i.Button_Get        selfbuild_oledmenu.o
    0x000005c0   0x0000001c   Code   RO         1625    i.DMA0_DriverIRQHandler  isr.o
    0x000005dc   0x00000446   Code   RO         1626    i.FLEXCOMM0_DriverIRQHandler  isr.o
    0x00000a22   0x00000002   PAD
    0x00000a24   0x00000040   Code   RO         1627    i.FLEXCOMM5_DriverIRQHandler  isr.o
    0x00000a64   0x00000044   Code   RO           12    i.HardFault_Handler  system_lpc54606.o
    0x00000aa8   0x00000120   Code   RO         1038    i.Init_ALL          selfbuild_control.o
    0x00000bc8   0x00000034   Code   RO         1283    i.LEDPIN_Init       selfbuild_oled.o
    0x00000bfc   0x0000001a   Code   RO         1286    i.LED_DLY_ms        selfbuild_oled.o
    0x00000c16   0x0000003a   Code   RO         1287    i.LED_Fill          selfbuild_oled.o
    0x00000c50   0x00000050   Code   RO         1289    i.LED_P6x8Char      selfbuild_oled.o
    0x00000ca0   0x00000064   Code   RO         1290    i.LED_P6x8Str       selfbuild_oled.o
    0x00000d04   0x00000026   Code   RO         1298    i.LED_Set_Pos       selfbuild_oled.o
    0x00000d2a   0x00000050   Code   RO         1299    i.LED_WrCmd         selfbuild_oled.o
    0x00000d7a   0x00000050   Code   RO         1300    i.LED_WrDat         selfbuild_oled.o
    0x00000dca   0x00000002   PAD
    0x00000dcc   0x00000074   Code   RO         1628    i.MRT0_DriverIRQHandler  isr.o
    0x00000e40   0x0000006c   Code   RO          589    i.M_divider         lpc546xx_pll.o
    0x00000eac   0x000000b8   Code   RO         1557    i.Menu_Data_Init    selfbuild_oledmenu.o
    0x00000f64   0x00000074   Code   RO         1558    i.Menu_HomePage_Show  selfbuild_oledmenu.o
    0x00000fd8   0x0000033c   Code   RO         1559    i.Menu_Init         selfbuild_oledmenu.o
    0x00001314   0x00000130   Code   RO         1560    i.Menu_SubPage_Show  selfbuild_oledmenu.o
    0x00001444   0x00000bf4   Code   RO         1561    i.Menu_Work         selfbuild_oledmenu.o
    0x00002038   0x0000010c   Code   RO         1227    i.Motor_PWM_Set     selfbuild_mecanum_ctrl.o
    0x00002144   0x00000002   Code   RO           13    i.NMI_Handler       system_lpc54606.o
    0x00002146   0x00000002   PAD
    0x00002148   0x00000018   Code   RO          257    i.NVIC_DisableIRQ   lpc546xx_flexcomm.o
    0x00002160   0x00000016   Code   RO          258    i.NVIC_EnableIRQ    lpc546xx_flexcomm.o
    0x00002176   0x00000002   PAD
    0x00002178   0x00000070   Code   RO          590    i.N_divider         lpc546xx_pll.o
    0x000021e8   0x0000008c   Code   RO         1301    i.OLED_Init         selfbuild_oled.o
    0x00002274   0x00000130   Code   RO         1302    i.OLED_P6x8Flo      selfbuild_oled.o
    0x000023a4   0x000000d8   Code   RO         1303    i.OLED_P6x8Int      selfbuild_oled.o
    0x0000247c   0x0000004c   Code   RO         1183    i.PID_Calcu         selfbuild_pid.o
    0x000024c8   0x00000110   Code   RO         1184    i.PID_Dynam         selfbuild_pid.o
    0x000025d8   0x0000006a   Code   RO         1185    i.PID_Incre         selfbuild_pid.o
    0x00002642   0x0000005e   Code   RO         1186    i.PID_Local         selfbuild_pid.o
    0x000026a0   0x00000008   Code   RO         1629    i.PIN_INT7_DriverIRQHandler  isr.o
    0x000026a8   0x00000064   Code   RO          591    i.P_divider         lpc546xx_pll.o
    0x0000270c   0x000000c4   Code   RO         1630    i.RIT_DriverIRQHandler  isr.o
    0x000027d0   0x00000094   Code   RO         1040    i.Read_ButtSwitData  selfbuild_control.o
    0x00002864   0x00000012   Code   RO         1304    i.SetAddressingMode  selfbuild_oled.o
    0x00002876   0x00000012   Code   RO         1306    i.SetContrastControl  selfbuild_oled.o
    0x00002888   0x0000000e   Code   RO         1309    i.SetStartLine      selfbuild_oled.o
    0x00002896   0x00000014   Code   RO         1311    i.Set_Charge_Pump   selfbuild_oled.o
    0x000028aa   0x00000014   Code   RO         1312    i.Set_Common_Config  selfbuild_oled.o
    0x000028be   0x0000000e   Code   RO         1313    i.Set_Common_Remap  selfbuild_oled.o
    0x000028cc   0x00000012   Code   RO         1314    i.Set_Display_Clock  selfbuild_oled.o
    0x000028de   0x00000012   Code   RO         1315    i.Set_Display_Offset  selfbuild_oled.o
    0x000028f0   0x0000000e   Code   RO         1316    i.Set_Display_On_Off  selfbuild_oled.o
    0x000028fe   0x0000000e   Code   RO         1317    i.Set_Entire_Display  selfbuild_oled.o
    0x0000290c   0x0000000e   Code   RO         1318    i.Set_Inverse_Display  selfbuild_oled.o
    0x0000291a   0x00000012   Code   RO         1319    i.Set_Multiplex_Ratio  selfbuild_oled.o
    0x0000292c   0x00000012   Code   RO         1321    i.Set_Precharge_Period  selfbuild_oled.o
    0x0000293e   0x0000000e   Code   RO         1322    i.Set_Segment_Remap  selfbuild_oled.o
    0x0000294c   0x00000012   Code   RO         1323    i.Set_VCOMH         selfbuild_oled.o
    0x0000295e   0x00000002   PAD
    0x00002960   0x00000038   Code   RO           14    i.SystemInit        system_lpc54606.o
    0x00002998   0x0000019c   Code   RO         1228    i.Wheel_Analysis    selfbuild_mecanum_ctrl.o
    0x00002b34   0x00000018   Code   RO          931    i.assert_failed     assert.o
    0x00002b4c   0x00000078   Code   RO          144    i.ctimer_clock      lpc546xx_ctimer.o
    0x00002bc4   0x00000114   Code   RO          149    i.ctimer_pwm_duty   lpc546xx_ctimer.o
    0x00002cd8   0x000001d0   Code   RO          151    i.ctimer_pwm_init   lpc546xx_ctimer.o
    0x00002ea8   0x000001ee   Code   RO          152    i.ctimer_pwmmux     lpc546xx_ctimer.o
    0x00003096   0x00000002   PAD
    0x00003098   0x0000005c   Code   RO         2009    i.dma_reload_linked  seekfree_mt9v032.o
    0x000030f4   0x0000007c   Code   RO          896    i.eeprom_init       lpc546xx_eeprom.o
    0x00003170   0x0000001a   Code   RO          592    i.findPllMMult      lpc546xx_pll.o
    0x0000318a   0x00000020   Code   RO          593    i.findPllPostDiv    lpc546xx_pll.o
    0x000031aa   0x00000020   Code   RO          594    i.findPllPreDiv     lpc546xx_pll.o
    0x000031ca   0x00000002   PAD
    0x000031cc   0x000000fc   Code   RO          259    i.flexcomm_clk_enable  lpc546xx_flexcomm.o
    0x000032c8   0x0000000c   Code   RO          260    i.flexcomm_get_clk  lpc546xx_flexcomm.o
    0x000032d4   0x00000038   Code   RO          261    i.flexcomm_irq      lpc546xx_flexcomm.o
    0x0000330c   0x0000006c   Code   RO          595    i.get_clk           lpc546xx_pll.o
    0x00003378   0x00000018   Code   RO          358    i.gpio_get          lpc546xx_gpio.o
    0x00003390   0x000000c8   Code   RO          359    i.gpio_init         lpc546xx_gpio.o
    0x00003458   0x00000030   Code   RO          361    i.gpio_set          lpc546xx_gpio.o
    0x00003488   0x00000064   Code   RO          457    i.iocon_init        lpc546xx_iocon.o
    0x000034ec   0x0000000c   Code   RO         1678    i.main              main.o
    0x000034f8   0x00000050   Code   RO         2012    i.mt9v032_cof_uart_interrupt  seekfree_mt9v032.o
    0x00003548   0x00000020   Code   RO         2013    i.mt9v032_dma       seekfree_mt9v032.o
    0x00003568   0x00000034   Code   RO         2014    i.mt9v032_vsync     seekfree_mt9v032.o
    0x0000359c   0x00000088   Code   RO          898    i.my_eeprom_write_word  lpc546xx_eeprom.o
    0x00003624   0x0000000e   Code   RO         1810    i.myabs             seekfree_fun.o
    0x00003632   0x00000088   Code   RO          997    i.number_conversion_ascii  seekfree_printf.o
    0x000036ba   0x0000005a   Code   RO          596    i.pllDecodeM        lpc546xx_pll.o
    0x00003714   0x0000005c   Code   RO          597    i.pllDecodeN        lpc546xx_pll.o
    0x00003770   0x0000004e   Code   RO          598    i.pllDecodeP        lpc546xx_pll.o
    0x000037be   0x00000002   PAD
    0x000037c0   0x00000088   Code   RO          599    i.pll_init          lpc546xx_pll.o
    0x00003848   0x00000284   Code   RO          998    i.printf            seekfree_printf.o
    0x00003acc   0x00000022   Code   RO          999    i.printf_reverse_order  seekfree_printf.o
    0x00003aee   0x00000002   PAD
    0x00003af0   0x00000060   Code   RO          784    i.systick_delay     lpc546xx_systick.o
    0x00003b50   0x00000024   Code   RO          785    i.systick_delay_ms  lpc546xx_systick.o
    0x00003b74   0x00000028   Code   RO          822    i.uart_getchar      lpc546xx_uart.o
    0x00003b9c   0x00000150   Code   RO          823    i.uart_init         lpc546xx_uart.o
    0x00003cec   0x00000304   Code   RO          824    i.uart_mux          lpc546xx_uart.o
    0x00003ff0   0x0000001e   Code   RO          825    i.uart_putbuff      lpc546xx_uart.o
    0x0000400e   0x00000002   PAD
    0x00004010   0x00000024   Code   RO          826    i.uart_putchar      lpc546xx_uart.o
    0x00004034   0x0000002c   Code   RO          828    i.uart_query        lpc546xx_uart.o
    0x00004060   0x00000078   Code   RO          829    i.uart_rx_irq       lpc546xx_uart.o
    0x000040d8   0x0000007c   Code   RO          600    i.write_syspllctrl  lpc546xx_pll.o
    0x00004154   0x00000018   Code   RO         4976    x$fpl$basic         fz_wm.l(basic.o)
    0x0000416c   0x00000062   Code   RO         4978    x$fpl$d2f           fz_wm.l(d2f.o)
    0x000041ce   0x00000002   PAD
    0x000041d0   0x00000150   Code   RO         4980    x$fpl$dadd          fz_wm.l(daddsub_clz.o)
    0x00004320   0x00000018   Code   RO         5338    x$fpl$dcmpinf       fz_wm.l(dcmpi.o)
    0x00004338   0x000002b0   Code   RO         4987    x$fpl$ddiv          fz_wm.l(ddiv.o)
    0x000045e8   0x0000005e   Code   RO         4992    x$fpl$dfix          fz_wm.l(dfix.o)
    0x00004646   0x00000002   PAD
    0x00004648   0x0000005a   Code   RO         4996    x$fpl$dfixu         fz_wm.l(dfixu.o)
    0x000046a2   0x0000002e   Code   RO         5001    x$fpl$dflt          fz_wm.l(dflt_clz.o)
    0x000046d0   0x00000078   Code   RO         5006    x$fpl$dleqf         fz_wm.l(dleqf.o)
    0x00004748   0x00000154   Code   RO         5008    x$fpl$dmul          fz_wm.l(dmul.o)
    0x0000489c   0x0000009c   Code   RO         5340    x$fpl$dnaninf       fz_wm.l(dnaninf.o)
    0x00004938   0x0000000c   Code   RO         5342    x$fpl$dretinf       fz_wm.l(dretinf.o)
    0x00004944   0x0000006c   Code   RO         5010    x$fpl$drleqf        fz_wm.l(drleqf.o)
    0x000049b0   0x00000016   Code   RO         4981    x$fpl$drsb          fz_wm.l(daddsub_clz.o)
    0x000049c6   0x00000002   PAD
    0x000049c8   0x000001d4   Code   RO         4982    x$fpl$dsub          fz_wm.l(daddsub_clz.o)
    0x00004b9c   0x00000056   Code   RO         5012    x$fpl$f2d           fz_wm.l(f2d.o)
    0x00004bf2   0x0000008c   Code   RO         5350    x$fpl$fnaninf       fz_wm.l(fnaninf.o)
    0x00004c7e   0x0000000a   Code   RO         5713    x$fpl$fpinit        fz_wm.l(fpinit.o)
    0x00004c88   0x0000000a   Code   RO         5352    x$fpl$fretinf       fz_wm.l(fretinf.o)
    0x00004c92   0x00000000   Code   RO         5360    x$fpl$usenofp       fz_wm.l(usenofp.o)
    0x00004c92   0x00000002   PAD
    0x00004c94   0x00000028   Data   RO          153    .constdata          lpc546xx_ctimer.o
    0x00004cbc   0x00000032   Data   RO          932    .constdata          assert.o
    0x00004cee   0x00000891   Data   RO         1325    .constdata          selfbuild_oled.o
    0x0000557f   0x00000001   PAD
    0x00005580   0x00000020   Data   RO         5799    Region$$Table       anon$$obj.o


    Execution Region RW_IRAM1 (Base: 0x20000000, Size: 0x000091c0, Max: 0x00028000, ABSOLUTE)

    Base Addr    Size         Type   Attr      Idx    E Section Name        Object

    0x20000000   0x00000014   Data   RW          154    .data               lpc546xx_ctimer.o
    0x20000014   0x00000028   Data   RW          262    .data               lpc546xx_flexcomm.o
    0x2000003c   0x00000002   Data   RW          601    .data               lpc546xx_pll.o
    0x2000003e   0x00000002   PAD
    0x20000040   0x00000028   Data   RW          831    .data               lpc546xx_uart.o
    0x20000068   0x0000001d   Data   RW         1233    .data               selfbuild_mecanum_ctrl.o
    0x20000085   0x00000001   PAD
    0x20000086   0x0000000a   Data   RW         1563    .data               selfbuild_oledmenu.o
    0x20000090   0x00000005   Data   RW         1631    .data               isr.o
    0x20000095   0x00000001   PAD
    0x20000096   0x0000004b   Data   RW         2019    .data               seekfree_mt9v032.o
    0x200000e1   0x0000011f   PAD
    0x20000200   0x000001e0   Zero   RW          221    .bss                lpc546xx_dma.o
    0x200003e0   0x00000092   Zero   RW         1044    .bss                selfbuild_control.o
    0x20000472   0x00000002   PAD
    0x20000474   0x00000090   Zero   RW         1187    .bss                selfbuild_pid.o
    0x20000504   0x00000004   PAD
    0x20000508   0x00000138   Zero   RW         1232    .bss                selfbuild_mecanum_ctrl.o
    0x20000640   0x00000298   Zero   RW         1562    .bss                selfbuild_oledmenu.o
    0x200008d8   0x00005820   Zero   RW         2018    .bss                seekfree_mt9v032.o
    0x200060f8   0x00000068   Zero   RW         4641    .bss                mpu_foruser.o
    0x20006160   0x00000060   Zero   RW         5559    .bss                c_w.l(libspace.o)
    0x200061c0   0x00001000   Zero   RW            2    HEAP                startup_lpc54606.o
    0x200071c0   0x00002000   Zero   RW            1    STACK               startup_lpc54606.o


==============================================================================

Image component sizes


      Code (inc. data)   RO Data    RW Data    ZI Data      Debug   Object Name

        24          6         50          0          0       3380   assert.o
      1506        116          0          5          0       4182   isr.o
      1354        124         40         20          0       5983   lpc546xx_ctimer.o
         0          0          0          0        480       2329   lpc546xx_dma.o
       260         76          0          0          0       1805   lpc546xx_eeprom.o
       366         66          0         40          0      30739   lpc546xx_flexcomm.o
       272         30          0          0          0       2094   lpc546xx_gpio.o
       100         38          0          0          0        701   lpc546xx_iocon.o
      1038         62          0          2          0       8431   lpc546xx_pll.o
       132         36          0          0          0       1247   lpc546xx_systick.o
      1378         92          0         40          0       6327   lpc546xx_uart.o
        12          0          0          0          0        515   main.o
         0          0          0          0        104       1215   mpu_foruser.o
         0          0          0          0          0       1641   seekfree_7725.o
        14          0          0          0          0        604   seekfree_fun.o
       256         46          0         75      22560       3441   seekfree_mt9v032.o
       814         18          0          0          0       4402   seekfree_printf.o
       436         34          0          0        146       4139   selfbuild_control.o
       680         48          0         29        312       3392   selfbuild_mecanum_ctrl.o
      1424         32       2193          0          0      18015   selfbuild_oled.o
      4560        276          0         10        664       7330   selfbuild_oledmenu.o
       548         16          0          0        144       4092   selfbuild_pid.o
       520        254        292          0      12288       3676   startup_lpc54606.o
       126         72          0          0          0     532615   system_lpc54606.o

    ----------------------------------------------------------------------
     15840       1442       2608        228      36988     652295   Object Totals
         0          0         32          0          0          0   (incl. Generated)
        20          0          1          7        290          0   (incl. Padding)

    ----------------------------------------------------------------------

      Code (inc. data)   RO Data    RW Data    ZI Data      Debug   Library Member Name

         8          0          0          0          0         68   __main.o
         0          0          0          0          0          0   __rtentry.o
        12          0          0          0          0          0   __rtentry2.o
         6          0          0          0          0          0   __rtentry4.o
        52          8          0          0          0          0   __scatter.o
        26          0          0          0          0          0   __scatter_copy.o
        28          0          0          0          0          0   __scatter_zi.o
        18          0          0          0          0         80   exit.o
         6          0          0          0          0        152   heapauxi.o
         0          0          0          0          0          0   indicate_semi.o
         2          0          0          0          0          0   libinit.o
         6          0          0          0          0          0   libinit2.o
         2          0          0          0          0          0   libshutdown.o
         2          0          0          0          0          0   libshutdown2.o
         8          4          0          0         96         68   libspace.o
        72          0          0          0          0         76   llsdiv.o
       238          0          0          0          0        100   lludivv7m.o
         2          0          0          0          0          0   rtexit.o
        10          0          0          0          0          0   rtexit2.o
        12          4          0          0          0         68   sys_exit.o
        74          0          0          0          0         80   sys_stackheap_outer.o
         2          0          0          0          0         68   use_no_semi.o
        24          0          0          0          0        164   basic.o
        98          4          0          0          0        140   d2f.o
       826         16          0          0          0        492   daddsub_clz.o
        24          0          0          0          0        116   dcmpi.o
       688        140          0          0          0        256   ddiv.o
        94          4          0          0          0        140   dfix.o
        90          4          0          0          0        140   dfixu.o
        46          0          0          0          0        116   dflt_clz.o
       120          4          0          0          0        140   dleqf.o
       340         12          0          0          0        152   dmul.o
       156          4          0          0          0        140   dnaninf.o
        12          0          0          0          0        116   dretinf.o
       108          0          0          0          0        128   drleqf.o
        86          4          0          0          0        132   f2d.o
       140          4          0          0          0        132   fnaninf.o
        10          0          0          0          0        116   fpinit.o
        10          0          0          0          0        116   fretinf.o
         0          0          0          0          0          0   usenofp.o

    ----------------------------------------------------------------------
      3472        212          0          0         96       3496   Library Totals
        14          0          0          0          0          0   (incl. Padding)

    ----------------------------------------------------------------------

      Code (inc. data)   RO Data    RW Data    ZI Data      Debug   Library Name

       586         16          0          0         96        760   c_w.l
      2872        196          0          0          0       2736   fz_wm.l

    ----------------------------------------------------------------------
      3472        212          0          0         96       3496   Library Totals

    ----------------------------------------------------------------------

==============================================================================


      Code (inc. data)   RO Data    RW Data    ZI Data      Debug   

     19312       1654       2608        228      37084     644831   Grand Totals
     19312       1654       2608        228      37084     644831   ELF Image Totals
     19312       1654       2608        228          0          0   ROM Totals

==============================================================================

    Total RO  Size (Code + RO Data)                21920 (  21.41kB)
    Total RW  Size (RW Data + ZI Data)             37312 (  36.44kB)
    Total ROM Size (Code + RO Data + RW Data)      22148 (  21.63kB)

==============================================================================

